Archive member included because of file (symbol)

/u/wbcowan/gnuarm-4.0.2/lib/gcc/arm-elf/4.0.2/libgcc.a(_udivsi3.o)
                              bwio.o (__udivsi3)
/u/wbcowan/gnuarm-4.0.2/lib/gcc/arm-elf/4.0.2/libgcc.a(_umodsi3.o)
                              bwio.o (__umodsi3)
/u/wbcowan/gnuarm-4.0.2/lib/gcc/arm-elf/4.0.2/libgcc.a(_dvmd_tls.o)
                              /u/wbcowan/gnuarm-4.0.2/lib/gcc/arm-elf/4.0.2/libgcc.a(_udivsi3.o) (__div0)

Memory Configuration

Name             Origin             Length             Attributes
ram              0x0000000000000000 0x0000000002000000
rom              0x0000000060000000 0x0000000000800000
*default*        0x0000000000000000 0xffffffffffffffff

Linker script and memory map


data            0x0000000000000000        0x0
                0x0000000000000000                _DataStart = .
 *(.data)
                0x0000000000000000                _DataEnd = .

bss             0x0000000000000000        0x0
                0x0000000000000000                _BssStart = .
 *(.bss)
                0x0000000000000000                _BssEnd = .

text            0x0000000000000000     0x196c
 *(.text)
 .text          0x0000000000000000      0xc54 bwio.o
                0x0000000000000378                bwputr
                0x00000000000008e4                bwi2a
                0x0000000000000000                bwsetfifo
                0x00000000000001d4                bwputc
                0x0000000000000634                bwa2d
                0x00000000000000c8                bwsetspeed
                0x0000000000000298                c2x
                0x00000000000006dc                bwa2i
                0x000000000000057c                bwgetc
                0x00000000000007a0                bwui2a
                0x0000000000000948                bwformat
                0x0000000000000474                bwputw
                0x0000000000000c1c                bwprintf
                0x00000000000002f8                bwputx
                0x00000000000003f8                bwputstr
 .text          0x0000000000000c54      0x278 buffer.o
                0x0000000000000e34                bufferLength
                0x0000000000000c8c                addToBuffer
                0x0000000000000d34                getFromBuffer
                0x0000000000000c54                circularBufferInit
                0x0000000000000de4                isBufferEmpty
 .text          0x0000000000000ecc      0x2a0 queue.o
                0x0000000000000f54                queuePush
                0x00000000000010dc                queuePop
                0x0000000000001018                queuePriorityPop
                0x0000000000000ecc                queueInit
 .text          0x000000000000116c       0x9c userRequestCall.o
                0x00000000000011d0                MyParentTid
                0x0000000000001198                MyTid
                0x000000000000116c                user_contextswitch
 .text          0x0000000000001208       0xe0 kernelRequestCall.o
                0x00000000000012b8                kernel_MyParentTid
                0x0000000000001288                kernel_MyTid
                0x0000000000001208                processRequest
 .text          0x00000000000012e8       0x48 interruptHandler.o
                0x0000000000001308                swiHandler
                0x00000000000012e8                activate
 .text          0x0000000000001330      0x308 test.o
                0x000000000000142c                kernelTestRun
                0x00000000000015d4                main
                0x0000000000001408                user_contextswitch1
                0x0000000000001330                userTask1
 .text          0x0000000000001638      0x110 /u/wbcowan/gnuarm-4.0.2/lib/gcc/arm-elf/4.0.2/libgcc.a(_udivsi3.o)
                0x0000000000001638                __udivsi3
                0x0000000000001730                __aeabi_uidivmod
 .text          0x0000000000001748       0xcc /u/wbcowan/gnuarm-4.0.2/lib/gcc/arm-elf/4.0.2/libgcc.a(_umodsi3.o)
                0x0000000000001748                __umodsi3
 .text          0x0000000000001814        0x4 /u/wbcowan/gnuarm-4.0.2/lib/gcc/arm-elf/4.0.2/libgcc.a(_dvmd_tls.o)
                0x0000000000001814                __aeabi_ldiv0
                0x0000000000001814                __div0
                0x0000000000001814                __aeabi_idiv0
 *(.got)
 .got           0x0000000000001818        0x8 test.o
 *(.got.plt)
 .got.plt       0x0000000000001820        0xc test.o
                0x0000000000001820                _GLOBAL_OFFSET_TABLE_
 *(.rodata)
 .rodata        0x000000000000182c      0x140 test.o
 *(.glue_7)
 *(.glue_7t)

.rel.dyn
LOAD bwio.o
LOAD buffer.o
LOAD queue.o
LOAD userRequestCall.o
LOAD kernelRequestCall.o
LOAD interruptHandler.o
LOAD test.o
LOAD /u/wbcowan/gnuarm-4.0.2/lib/gcc/arm-elf/4.0.2/libgcc.a
OUTPUT(test.elf elf32-littlearm)

.comment        0x0000000000000000       0x7e
 .comment       0x0000000000000000       0x12 bwio.o
 .comment       0x0000000000000012       0x12 buffer.o
 .comment       0x0000000000000024       0x12 queue.o
 .comment       0x0000000000000036       0x12 userRequestCall.o
 .comment       0x0000000000000048       0x12 kernelRequestCall.o
 .comment       0x000000000000005a       0x12 interruptHandler.o
 .comment       0x000000000000006c       0x12 test.o

.debug_line     0x0000000000000000      0x14f
 .debug_line    0x0000000000000000       0x86 /u/wbcowan/gnuarm-4.0.2/lib/gcc/arm-elf/4.0.2/libgcc.a(_udivsi3.o)
 .debug_line    0x0000000000000086       0x6f /u/wbcowan/gnuarm-4.0.2/lib/gcc/arm-elf/4.0.2/libgcc.a(_umodsi3.o)
 .debug_line    0x00000000000000f5       0x5a /u/wbcowan/gnuarm-4.0.2/lib/gcc/arm-elf/4.0.2/libgcc.a(_dvmd_tls.o)

.debug_info     0x0000000000000000      0x153
 .debug_info    0x0000000000000000       0x71 /u/wbcowan/gnuarm-4.0.2/lib/gcc/arm-elf/4.0.2/libgcc.a(_udivsi3.o)
 .debug_info    0x0000000000000071       0x71 /u/wbcowan/gnuarm-4.0.2/lib/gcc/arm-elf/4.0.2/libgcc.a(_umodsi3.o)
 .debug_info    0x00000000000000e2       0x71 /u/wbcowan/gnuarm-4.0.2/lib/gcc/arm-elf/4.0.2/libgcc.a(_dvmd_tls.o)

.debug_abbrev   0x0000000000000000       0x3c
 .debug_abbrev  0x0000000000000000       0x14 /u/wbcowan/gnuarm-4.0.2/lib/gcc/arm-elf/4.0.2/libgcc.a(_udivsi3.o)
 .debug_abbrev  0x0000000000000014       0x14 /u/wbcowan/gnuarm-4.0.2/lib/gcc/arm-elf/4.0.2/libgcc.a(_umodsi3.o)
 .debug_abbrev  0x0000000000000028       0x14 /u/wbcowan/gnuarm-4.0.2/lib/gcc/arm-elf/4.0.2/libgcc.a(_dvmd_tls.o)

.debug_aranges  0x0000000000000000       0x60
 .debug_aranges
                0x0000000000000000       0x20 /u/wbcowan/gnuarm-4.0.2/lib/gcc/arm-elf/4.0.2/libgcc.a(_udivsi3.o)
 .debug_aranges
                0x0000000000000020       0x20 /u/wbcowan/gnuarm-4.0.2/lib/gcc/arm-elf/4.0.2/libgcc.a(_umodsi3.o)
 .debug_aranges
                0x0000000000000040       0x20 /u/wbcowan/gnuarm-4.0.2/lib/gcc/arm-elf/4.0.2/libgcc.a(_dvmd_tls.o)
