Archive member included because of file (symbol)

/u/wbcowan/gnuarm-4.0.2/lib/gcc/arm-elf/4.0.2/libgcc.a(_udivsi3.o)
                              bwio.o (__udivsi3)
/u/wbcowan/gnuarm-4.0.2/lib/gcc/arm-elf/4.0.2/libgcc.a(_umodsi3.o)
                              bwio.o (__umodsi3)
/u/wbcowan/gnuarm-4.0.2/lib/gcc/arm-elf/4.0.2/libgcc.a(_dvmd_tls.o)
                              /u/wbcowan/gnuarm-4.0.2/lib/gcc/arm-elf/4.0.2/libgcc.a(_udivsi3.o) (__div0)

Memory Configuration

Name             Origin             Length             Attributes
ram              0x0000000000000000 0x0000000002000000
rom              0x0000000060000000 0x0000000000800000
rim              0x0000000060000000 0x0000000000800000
*default*        0x0000000000000000 0xffffffffffffffff

Linker script and memory map


data            0x0000000000000000        0x0
                0x0000000000000000                _DataStart = .
 *(.data)
                0x0000000000000000                _DataEnd = .

bss             0x0000000000000000        0x0
                0x0000000000000000                _BssStart = .
 *(.bss)
                0x0000000000000000                _BssEnd = .

text            0x0000000000000000    0x10300
 *(.text)
 .text          0x0000000000000000      0xcc4 bwio.o
                0x0000000000000378                bwputr
                0x0000000000000c54                bwassert
                0x00000000000008e4                bwi2a
                0x0000000000000000                bwsetfifo
                0x00000000000001d4                bwputc
                0x0000000000000634                bwa2d
                0x00000000000000c8                bwsetspeed
                0x0000000000000298                c2x
                0x00000000000006dc                bwa2i
                0x000000000000057c                bwgetc
                0x00000000000007a0                bwui2a
                0x0000000000000948                bwformat
                0x0000000000000474                bwputw
                0x0000000000000c1c                bwprintf
                0x00000000000002f8                bwputx
                0x00000000000003f8                bwputstr
 .text          0x0000000000000cc4      0x4dc time.o
                0x0000000000000cc4                startTimer
                0x0000000000001124                getTicks4
                0x0000000000001070                getTicks
                0x0000000000000eb0                stopTimer
                0x0000000000000fc4                clearTimerInterrupt
                0x0000000000001170                getTicks4us
 .text          0x00000000000011a0      0x4d4 icu.o
                0x000000000000147c                toggleUART2ReceiveInterrupt
                0x000000000000135c                toggleUART1ReceiveInterrupt
                0x0000000000001218                toggleTimer2Interrupt
                0x00000000000013b0                toggleUART1VICInterrupt
                0x000000000000161c                disableInterrupts
                0x00000000000011a0                toggleTimer1Interrupt
                0x0000000000001548                checkInterrupts
                0x0000000000001308                toggleUART1SendInterrupt
                0x00000000000014d0                toggleUART2VICInterrupt
                0x0000000000001290                toggleTimer3Interrupt
                0x0000000000001428                toggleUART2SendInterrupt
 .text          0x0000000000001674      0x8c4 pkstring.o
                0x0000000000001d68                pkstrcpy_aftern
                0x0000000000001784                pkstrcpy
                0x0000000000001c54                pkstreq_volatile
                0x0000000000001e70                pkstrcpy_aftern_append
                0x0000000000001830                pkstreql
                0x0000000000001cb0                pkstrcpy_firstn
                0x0000000000001bf8                pkstreq
                0x0000000000001a14                pkstrcmp_volatile
                0x0000000000001674                pkmemcpy
                0x0000000000001968                pkstrcpy_volatile
                0x0000000000001b10                pkstrcmp
                0x0000000000001700                pkstrlen
 .text          0x0000000000001f38      0x844 dictionary.o
                0x0000000000001ff8                initTIDLookup
                0x00000000000025c0                searchDictionary
                0x0000000000001f88                initHashMap
                0x0000000000002044                initDictionary
                0x0000000000002490                deleteHashMap
                0x0000000000002630                addDictionary
                0x00000000000022d0                insertHashMap
                0x00000000000026c8                deleteDictionary
                0x00000000000021ac                searchHashMap
                0x0000000000001f38                initHashEntry
                0x00000000000020c0                hashCode
 .text          0x000000000000277c      0x2f8 buffer.o
                0x00000000000029b8                bufferLength
                0x00000000000027c0                addToBuffer
                0x0000000000002888                getFromBuffer
                0x000000000000277c                circularBufferInit
                0x000000000000295c                isBufferEmpty
 .text          0x0000000000002a74      0x41c td.o
                0x0000000000002af0                checkMail
                0x0000000000002d5c                initTD
                0x0000000000002c28                putMail
                0x0000000000002a74                messageInit
                0x0000000000002ab8                initInbox
 .text          0x0000000000002e90      0xfdc kernelHandler.o
                0x0000000000003ab0                kernel_queuePop_priority
                0x00000000000033d8                kernelRun
                0x00000000000039d4                free_Push
                0x0000000000003848                kernel_queuePush
                0x0000000000003d20                kernel_queuePop
                0x0000000000002f34                initKernel
                0x0000000000003c3c                free_Pop
                0x0000000000002f00                exitKernel
                0x0000000000003714                setTask
                0x0000000000002e90                getNextTID
 .text          0x0000000000003e6c     0x14c8 userRequestCall.o
                0x0000000000004108                Send
                0x0000000000004b58                Getc
                0x0000000000004c50                Putc
                0x0000000000004894                IdlePercentage
                0x0000000000004030                MyParentTid
                0x000000000000406c                Pass
                0x0000000000004d58                Putx
                0x000000000000417c                WhoIs
                0x0000000000003e98                Create
                0x000000000000443c                AwaitEvent
                0x000000000000437c                Receive
                0x00000000000043dc                Reply
                0x0000000000004e70                Putstr
                0x0000000000003ff4                MyTid
                0x0000000000003f40                CreateClockServer
                0x00000000000040a0                Exit
                0x0000000000004de4                Putr
                0x00000000000040d4                Quit
                0x00000000000048d0                DelayUntil
                0x0000000000004ef4                Putw
                0x0000000000003eec                CreateNameServer
                0x0000000000003e6c                user_contextswitch
                0x0000000000003f94                CreateIOServer
                0x00000000000052f4                Printf
                0x000000000000427c                RegisterAs
                0x0000000000005000                IOFormat
                0x0000000000004484                Delay
                0x000000000000472c                Time
 .text          0x0000000000005334     0x2100 kernelRequestCall.o
                0x0000000000005a30                kernel_MyParentTid
                0x000000000000667c                kernel_Receive
                0x0000000000005a8c                kernel_Exit
                0x00000000000070e4                kernel_AwaitEvent
                0x00000000000069ac                processMail
                0x0000000000006474                kernel_Send
                0x0000000000005a00                kernel_MyTid
                0x0000000000005818                kernel_RequestIOServer
                0x0000000000006384                kernel_RegisterAs
                0x0000000000005adc                kernel_CreateNameServer
                0x0000000000005738                kernel_Quit
                0x0000000000006930                kernel_IdlePercentage
                0x0000000000005c44                kernel_CreateClockServer
                0x0000000000005a60                kernel_Pass
                0x0000000000006294                kernel_WhoIs
                0x000000000000619c                kernel_Create
                0x0000000000005780                kernel_RequestClockServer
                0x0000000000006704                kernel_Reply
                0x0000000000006b68                processInterrupt
                0x0000000000005dac                kernel_CreateIOServer
                0x0000000000005334                processRequest
 .text          0x0000000000007434      0x170 interruptHandler.o
                0x0000000000007434                initHandlers
                0x0000000000007494                activate
 .text          0x00000000000075a4     0x49d4 server.o
                0x0000000000007ee4                idleTask
                0x0000000000007c18                initStorage
                0x000000000000774c                nameServerInit
                0x000000000000a49c                UserPrompt
                0x0000000000007ef4                clockNotifier
                0x00000000000077dc                NameServerTask
                0x0000000000007f44                clockServer
                0x000000000000a948                displayServer
                0x0000000000007e3c                deleteFromStorage
                0x0000000000008a08                UART1_SendServer
                0x0000000000007c3c                insertIntoStorage
                0x0000000000008854                UART2Send_Notifier
                0x00000000000087b0                UART1Receive_Notifier
                0x0000000000007788                nameServerRun
                0x0000000000008660                UART1Send_Notifier
                0x0000000000008ed4                UART2_SendServer
                0x000000000000a40c                Grid
                0x00000000000096d0                UART1_ReceiveServer
                0x00000000000093c0                UART2_ReceiveServer
                0x000000000000be6c                DeathServer
                0x000000000000bb4c                commandReverseDelayServer
                0x0000000000008964                UART2Receive_Notifier
                0x00000000000099f0                trainServer
                0x000000000000b3d0                commandServer
                0x00000000000075a4                FirstUserTask
 .text          0x000000000000bf78     0x173c controller.o
                0x000000000000bf78                update_switch
                0x000000000000c450                parseCommand
                0x000000000000c9bc                nextState
 .text          0x000000000000d6b4     0x1254 ui.o
                0x000000000000e3e4                displayClock
                0x000000000000e2f8                displaySensors
                0x000000000000d6b4                displayGrid
                0x000000000000dc68                getSensorData
 .text          0x000000000000e908       0x5c trackB.o
                0x000000000000e908                displayTrack
                0x000000000000e918                main
 .text          0x000000000000e964      0x110 /u/wbcowan/gnuarm-4.0.2/lib/gcc/arm-elf/4.0.2/libgcc.a(_udivsi3.o)
                0x000000000000e964                __udivsi3
                0x000000000000ea5c                __aeabi_uidivmod
 .text          0x000000000000ea74       0xcc /u/wbcowan/gnuarm-4.0.2/lib/gcc/arm-elf/4.0.2/libgcc.a(_umodsi3.o)
                0x000000000000ea74                __umodsi3
 .text          0x000000000000eb40        0x4 /u/wbcowan/gnuarm-4.0.2/lib/gcc/arm-elf/4.0.2/libgcc.a(_dvmd_tls.o)
                0x000000000000eb40                __aeabi_ldiv0
                0x000000000000eb40                __div0
                0x000000000000eb40                __aeabi_idiv0
 *(.got)
 .got           0x000000000000eb44       0x60 bwio.o
 *(.got.plt)
 .got.plt       0x000000000000eba4        0xc bwio.o
                0x000000000000eba4                _GLOBAL_OFFSET_TABLE_
 *(.rodata)
 .rodata        0x000000000000ebb0       0x18 bwio.o
 .rodata        0x000000000000ebc8       0xac time.o
 .rodata        0x000000000000ec74        0x4 dictionary.o
 .rodata        0x000000000000ec78       0x64 kernelHandler.o
 .rodata        0x000000000000ecdc      0x1a0 kernelRequestCall.o
 .rodata        0x000000000000ee7c      0xf80 server.o
 .rodata        0x000000000000fdfc      0x150 controller.o
 .rodata        0x000000000000ff4c      0x3b4 ui.o
 *(.glue_7)
 *(.glue_7t)
 *(.rodata.str1.4)

.rel.dyn
LOAD bwio.o
LOAD time.o
LOAD icu.o
LOAD pkstring.o
LOAD dictionary.o
LOAD buffer.o
LOAD td.o
LOAD kernelHandler.o
LOAD userRequestCall.o
LOAD kernelRequestCall.o
LOAD interruptHandler.o
LOAD server.o
LOAD controller.o
LOAD ui.o
LOAD trackB.o
LOAD /u/wbcowan/gnuarm-4.0.2/lib/gcc/arm-elf/4.0.2/libgcc.a
OUTPUT(trackB.elf elf32-littlearm)

.comment        0x0000000000000000      0x10e
 .comment       0x0000000000000000       0x12 bwio.o
 .comment       0x0000000000000012       0x12 time.o
 .comment       0x0000000000000024       0x12 icu.o
 .comment       0x0000000000000036       0x12 pkstring.o
 .comment       0x0000000000000048       0x12 dictionary.o
 .comment       0x000000000000005a       0x12 buffer.o
 .comment       0x000000000000006c       0x12 td.o
 .comment       0x000000000000007e       0x12 kernelHandler.o
 .comment       0x0000000000000090       0x12 userRequestCall.o
 .comment       0x00000000000000a2       0x12 kernelRequestCall.o
 .comment       0x00000000000000b4       0x12 interruptHandler.o
 .comment       0x00000000000000c6       0x12 server.o
 .comment       0x00000000000000d8       0x12 controller.o
 .comment       0x00000000000000ea       0x12 ui.o
 .comment       0x00000000000000fc       0x12 trackB.o

.debug_line     0x0000000000000000      0x14f
 .debug_line    0x0000000000000000       0x86 /u/wbcowan/gnuarm-4.0.2/lib/gcc/arm-elf/4.0.2/libgcc.a(_udivsi3.o)
 .debug_line    0x0000000000000086       0x6f /u/wbcowan/gnuarm-4.0.2/lib/gcc/arm-elf/4.0.2/libgcc.a(_umodsi3.o)
 .debug_line    0x00000000000000f5       0x5a /u/wbcowan/gnuarm-4.0.2/lib/gcc/arm-elf/4.0.2/libgcc.a(_dvmd_tls.o)

.debug_info     0x0000000000000000      0x153
 .debug_info    0x0000000000000000       0x71 /u/wbcowan/gnuarm-4.0.2/lib/gcc/arm-elf/4.0.2/libgcc.a(_udivsi3.o)
 .debug_info    0x0000000000000071       0x71 /u/wbcowan/gnuarm-4.0.2/lib/gcc/arm-elf/4.0.2/libgcc.a(_umodsi3.o)
 .debug_info    0x00000000000000e2       0x71 /u/wbcowan/gnuarm-4.0.2/lib/gcc/arm-elf/4.0.2/libgcc.a(_dvmd_tls.o)

.debug_abbrev   0x0000000000000000       0x3c
 .debug_abbrev  0x0000000000000000       0x14 /u/wbcowan/gnuarm-4.0.2/lib/gcc/arm-elf/4.0.2/libgcc.a(_udivsi3.o)
 .debug_abbrev  0x0000000000000014       0x14 /u/wbcowan/gnuarm-4.0.2/lib/gcc/arm-elf/4.0.2/libgcc.a(_umodsi3.o)
 .debug_abbrev  0x0000000000000028       0x14 /u/wbcowan/gnuarm-4.0.2/lib/gcc/arm-elf/4.0.2/libgcc.a(_dvmd_tls.o)

.debug_aranges  0x0000000000000000       0x60
 .debug_aranges
                0x0000000000000000       0x20 /u/wbcowan/gnuarm-4.0.2/lib/gcc/arm-elf/4.0.2/libgcc.a(_udivsi3.o)
 .debug_aranges
                0x0000000000000020       0x20 /u/wbcowan/gnuarm-4.0.2/lib/gcc/arm-elf/4.0.2/libgcc.a(_umodsi3.o)
 .debug_aranges
                0x0000000000000040       0x20 /u/wbcowan/gnuarm-4.0.2/lib/gcc/arm-elf/4.0.2/libgcc.a(_dvmd_tls.o)
