Archive member included because of file (symbol)

/u/wbcowan/gnuarm-4.0.2/lib/gcc/arm-elf/4.0.2/libgcc.a(_udivsi3.o)
                              bwio.o (__udivsi3)
/u/wbcowan/gnuarm-4.0.2/lib/gcc/arm-elf/4.0.2/libgcc.a(_umodsi3.o)
                              bwio.o (__umodsi3)
/u/wbcowan/gnuarm-4.0.2/lib/gcc/arm-elf/4.0.2/libgcc.a(_dvmd_tls.o)
                              /u/wbcowan/gnuarm-4.0.2/lib/gcc/arm-elf/4.0.2/libgcc.a(_udivsi3.o) (__div0)

Memory Configuration

Name             Origin             Length             Attributes
ram              0x0000000000000000 0x0000000002000000
rom              0x0000000060000000 0x0000000000800000
rim              0x0000000060000000 0x0000000000800000
*default*        0x0000000000000000 0xffffffffffffffff

Linker script and memory map


data            0x0000000000000000        0x0
                0x0000000000000000                _DataStart = .
 *(.data)
                0x0000000000000000                _DataEnd = .

bss             0x0000000000000000        0x0
                0x0000000000000000                _BssStart = .
 *(.bss)
                0x0000000000000000                _BssEnd = .

text            0x0000000000000000     0x37b4
 *(.text)
 .text          0x0000000000000000      0xc54 bwio.o
                0x0000000000000378                bwputr
                0x00000000000008e4                bwi2a
                0x0000000000000000                bwsetfifo
                0x00000000000001d4                bwputc
                0x0000000000000634                bwa2d
                0x00000000000000c8                bwsetspeed
                0x0000000000000298                c2x
                0x00000000000006dc                bwa2i
                0x000000000000057c                bwgetc
                0x00000000000007a0                bwui2a
                0x0000000000000948                bwformat
                0x0000000000000474                bwputw
                0x0000000000000c1c                bwprintf
                0x00000000000002f8                bwputx
                0x00000000000003f8                bwputstr
 .text          0x0000000000000c54      0x1bc pkstring.o
                0x0000000000000d64                pkstrcpy
                0x0000000000000c54                pkmemcpy
                0x0000000000000ce0                pkstrlen
 .text          0x0000000000000e10      0x278 buffer.o
                0x0000000000000ff0                bufferLength
                0x0000000000000e48                addToBuffer
                0x0000000000000ef0                getFromBuffer
                0x0000000000000e10                circularBufferInit
                0x0000000000000fa0                isBufferEmpty
 .text          0x0000000000001088      0x364 queue.o
                0x0000000000001194                queuePush
                0x000000000000133c                queuePop
                0x0000000000001268                queuePriorityPop
                0x0000000000001088                queueInit
 .text          0x00000000000013ec      0x53c td.o
                0x00000000000014ac                checkMail
                0x0000000000001824                initTD
                0x000000000000166c                putMail
                0x00000000000013ec                messageInit
                0x0000000000001474                initInbox
 .text          0x0000000000001928      0xc88 kernelHandler.o
                0x00000000000021ec                kernel_queuePop_priority
                0x0000000000001c4c                kernelRun
                0x0000000000002110                free_Push
                0x0000000000001f80                kernel_queuePush
                0x0000000000002460                kernel_queuePop
                0x0000000000001998                initKernel
                0x000000000000237c                free_Pop
                0x0000000000001e30                setTask
                0x0000000000001928                getNextTID
 .text          0x00000000000025b0      0x294 userRequestCall.o
                0x0000000000002710                Send
                0x000000000000266c                MyParentTid
                0x00000000000026a8                Pass
                0x00000000000025dc                Create
                0x0000000000002784                Receive
                0x00000000000027e4                Reply
                0x0000000000002630                MyTid
                0x00000000000026dc                Exit
                0x00000000000025b0                user_contextswitch
 .text          0x0000000000002844      0x9f4 kernelRequestCall.o
                0x00000000000029b0                kernel_MyParentTid
                0x0000000000002e74                kernel_Receive
                0x0000000000002a0c                kernel_Exit
                0x00000000000030a0                processMail
                0x0000000000002b54                kernel_Send
                0x0000000000002980                kernel_MyTid
                0x00000000000029e0                kernel_Pass
                0x0000000000002a5c                kernel_Create
                0x0000000000002efc                kernel_Reply
                0x0000000000002844                processRequest
 .text          0x0000000000003238       0xb8 interruptHandler.o
                0x0000000000003238                activate
 .text          0x00000000000032f0      0x1ec k1.o
                0x00000000000032f0                otherUserTask
                0x000000000000338c                firstUserTask
                0x00000000000034a0                main
 .text          0x00000000000034dc      0x110 /u/wbcowan/gnuarm-4.0.2/lib/gcc/arm-elf/4.0.2/libgcc.a(_udivsi3.o)
                0x00000000000034dc                __udivsi3
                0x00000000000035d4                __aeabi_uidivmod
 .text          0x00000000000035ec       0xcc /u/wbcowan/gnuarm-4.0.2/lib/gcc/arm-elf/4.0.2/libgcc.a(_umodsi3.o)
                0x00000000000035ec                __umodsi3
 .text          0x00000000000036b8        0x4 /u/wbcowan/gnuarm-4.0.2/lib/gcc/arm-elf/4.0.2/libgcc.a(_dvmd_tls.o)
                0x00000000000036b8                __aeabi_ldiv0
                0x00000000000036b8                __div0
                0x00000000000036b8                __aeabi_idiv0
 *(.got)
 .got           0x00000000000036bc        0x8 kernelHandler.o
 *(.got.plt)
 .got.plt       0x00000000000036c4        0xc kernelHandler.o
                0x00000000000036c4                _GLOBAL_OFFSET_TABLE_
 *(.rodata)
 .rodata        0x00000000000036d0       0x40 kernelHandler.o
 .rodata        0x0000000000003710       0xa4 k1.o
 *(.glue_7)
 *(.glue_7t)

.rel.dyn
LOAD bwio.o
LOAD pkstring.o
LOAD buffer.o
LOAD queue.o
LOAD td.o
LOAD kernelHandler.o
LOAD userRequestCall.o
LOAD kernelRequestCall.o
LOAD interruptHandler.o
LOAD k1.o
LOAD /u/wbcowan/gnuarm-4.0.2/lib/gcc/arm-elf/4.0.2/libgcc.a
OUTPUT(k1.elf elf32-littlearm)

.comment        0x0000000000000000       0xb4
 .comment       0x0000000000000000       0x12 bwio.o
 .comment       0x0000000000000012       0x12 pkstring.o
 .comment       0x0000000000000024       0x12 buffer.o
 .comment       0x0000000000000036       0x12 queue.o
 .comment       0x0000000000000048       0x12 td.o
 .comment       0x000000000000005a       0x12 kernelHandler.o
 .comment       0x000000000000006c       0x12 userRequestCall.o
 .comment       0x000000000000007e       0x12 kernelRequestCall.o
 .comment       0x0000000000000090       0x12 interruptHandler.o
 .comment       0x00000000000000a2       0x12 k1.o

.debug_line     0x0000000000000000      0x14f
 .debug_line    0x0000000000000000       0x86 /u/wbcowan/gnuarm-4.0.2/lib/gcc/arm-elf/4.0.2/libgcc.a(_udivsi3.o)
 .debug_line    0x0000000000000086       0x6f /u/wbcowan/gnuarm-4.0.2/lib/gcc/arm-elf/4.0.2/libgcc.a(_umodsi3.o)
 .debug_line    0x00000000000000f5       0x5a /u/wbcowan/gnuarm-4.0.2/lib/gcc/arm-elf/4.0.2/libgcc.a(_dvmd_tls.o)

.debug_info     0x0000000000000000      0x153
 .debug_info    0x0000000000000000       0x71 /u/wbcowan/gnuarm-4.0.2/lib/gcc/arm-elf/4.0.2/libgcc.a(_udivsi3.o)
 .debug_info    0x0000000000000071       0x71 /u/wbcowan/gnuarm-4.0.2/lib/gcc/arm-elf/4.0.2/libgcc.a(_umodsi3.o)
 .debug_info    0x00000000000000e2       0x71 /u/wbcowan/gnuarm-4.0.2/lib/gcc/arm-elf/4.0.2/libgcc.a(_dvmd_tls.o)

.debug_abbrev   0x0000000000000000       0x3c
 .debug_abbrev  0x0000000000000000       0x14 /u/wbcowan/gnuarm-4.0.2/lib/gcc/arm-elf/4.0.2/libgcc.a(_udivsi3.o)
 .debug_abbrev  0x0000000000000014       0x14 /u/wbcowan/gnuarm-4.0.2/lib/gcc/arm-elf/4.0.2/libgcc.a(_umodsi3.o)
 .debug_abbrev  0x0000000000000028       0x14 /u/wbcowan/gnuarm-4.0.2/lib/gcc/arm-elf/4.0.2/libgcc.a(_dvmd_tls.o)

.debug_aranges  0x0000000000000000       0x60
 .debug_aranges
                0x0000000000000000       0x20 /u/wbcowan/gnuarm-4.0.2/lib/gcc/arm-elf/4.0.2/libgcc.a(_udivsi3.o)
 .debug_aranges
                0x0000000000000020       0x20 /u/wbcowan/gnuarm-4.0.2/lib/gcc/arm-elf/4.0.2/libgcc.a(_umodsi3.o)
 .debug_aranges
                0x0000000000000040       0x20 /u/wbcowan/gnuarm-4.0.2/lib/gcc/arm-elf/4.0.2/libgcc.a(_dvmd_tls.o)
