Archive member included because of file (symbol)

/u/wbcowan/gnuarm-4.0.2/lib/gcc/arm-elf/4.0.2/libgcc.a(_udivsi3.o)
                              bwio.o (__udivsi3)
/u/wbcowan/gnuarm-4.0.2/lib/gcc/arm-elf/4.0.2/libgcc.a(_umodsi3.o)
                              bwio.o (__umodsi3)
/u/wbcowan/gnuarm-4.0.2/lib/gcc/arm-elf/4.0.2/libgcc.a(_dvmd_tls.o)
                              /u/wbcowan/gnuarm-4.0.2/lib/gcc/arm-elf/4.0.2/libgcc.a(_udivsi3.o) (__div0)

Memory Configuration

Name             Origin             Length             Attributes
ram              0x0000000000000000 0x0000000002000000
rom              0x0000000060000000 0x0000000000800000
rim              0x0000000060000000 0x0000000000800000
*default*        0x0000000000000000 0xffffffffffffffff

Linker script and memory map


data            0x0000000000000000        0x0
                0x0000000000000000                _DataStart = .
 *(.data)
                0x0000000000000000                _DataEnd = .

bss             0x0000000000000000        0x0
                0x0000000000000000                _BssStart = .
 *(.bss)
                0x0000000000000000                _BssEnd = .

text            0x0000000000000000     0xa249
 *(.text)
 .text          0x0000000000000000      0x66c bwio.o
                0x0000000000000170                bwputr
                0x0000000000000618                bwassert
                0x000000000000047c                bwi2a
                0x0000000000000000                bwsetfifo
                0x00000000000000c0                bwputc
                0x0000000000000308                bwa2d
                0x000000000000003c                bwsetspeed
                0x000000000000010c                c2x
                0x0000000000000348                bwa2i
                0x00000000000002bc                bwgetc
                0x00000000000003a0                bwui2a
                0x0000000000000498                bwformat
                0x0000000000000200                bwputw
                0x00000000000005f8                bwprintf
                0x000000000000012c                bwputx
                0x00000000000001b4                bwputstr
 .text          0x000000000000066c      0x2bc time.o
                0x000000000000066c                startTimer
                0x00000000000008e8                getTicks4
                0x0000000000000874                getTicks
                0x0000000000000760                stopTimer
                0x0000000000000804                clearTimerInterrupt
                0x0000000000000914                getTicks4us
 .text          0x0000000000000928      0x278 icu.o
                0x0000000000000a50                toggleUART2ReceiveInterrupt
                0x00000000000009d4                toggleUART1ReceiveInterrupt
                0x0000000000000954                toggleTimer2Interrupt
                0x00000000000009fc                toggleUART1VICInterrupt
                0x0000000000000b50                disableInterrupts
                0x0000000000000928                toggleTimer1Interrupt
                0x0000000000000aa4                checkInterrupts
                0x00000000000009ac                toggleUART1SendInterrupt
                0x0000000000000a78                toggleUART2VICInterrupt
                0x0000000000000980                toggleTimer3Interrupt
                0x0000000000000a28                toggleUART2SendInterrupt
 .text          0x0000000000000ba0      0x58c pkstring.o
                0x0000000000000ffc                pkstrcpy_aftern
                0x0000000000000c58                pkstrcpy
                0x0000000000000f60                pkstreq_volatile
                0x00000000000010b0                pkstrcpy_aftern_append
                0x0000000000000cc4                pkstreql
                0x0000000000000f84                pkstrcpy_firstn
                0x0000000000000f3c                pkstreq
                0x0000000000000dfc                pkstrcmp_volatile
                0x0000000000000ba0                pkmemcpy
                0x0000000000000d90                pkstrcpy_volatile
                0x0000000000000e9c                pkstrcmp
                0x0000000000000bfc                pkstrlen
 .text          0x000000000000112c      0x4fc dictionary.o
                0x00000000000011b8                initTIDLookup
                0x0000000000001554                searchDictionary
                0x0000000000001158                initHashMap
                0x00000000000011e4                initDictionary
                0x000000000000149c                deleteHashMap
                0x0000000000001588                addDictionary
                0x0000000000001388                insertHashMap
                0x00000000000015dc                deleteDictionary
                0x00000000000012d8                searchHashMap
                0x000000000000112c                initHashEntry
                0x0000000000001244                hashCode
 .text          0x0000000000001628      0x148 buffer.o
                0x000000000000171c                bufferLength
                0x0000000000001648                addToBuffer
                0x0000000000001698                getFromBuffer
                0x0000000000001628                circularBufferInit
                0x00000000000016f8                isBufferEmpty
 .text          0x0000000000001770      0x198 td.o
                0x000000000000179c                checkMail
                0x0000000000001894                initTD
                0x0000000000001818                putMail
                0x0000000000001770                messageInit
                0x0000000000001788                initInbox
 .text          0x0000000000001908      0x7d4 kernelHandler.o
                0x0000000000001df0                kernel_queuePop_priority
                0x0000000000001f30                kernelRun
                0x00000000000019c8                free_Push
                0x0000000000001aa8                kernel_queuePush
                0x0000000000001ea8                kernel_queuePop
                0x0000000000001b34                initKernel
                0x0000000000001908                free_Pop
                0x00000000000019a4                exitKernel
                0x0000000000001a20                setTask
                0x0000000000001964                getNextTID
 .text          0x00000000000020dc      0xba4 userRequestCall.o
                0x0000000000002260                Send
                0x0000000000002810                Getc
                0x0000000000002898                Putc
                0x00000000000026a4                IdlePercentage
                0x00000000000021c0                MyParentTid
                0x00000000000021e8                Pass
                0x0000000000002928                Putx
                0x000000000000229c                WhoIs
                0x00000000000020e4                Create
                0x000000000000243c                AwaitEvent
                0x00000000000023dc                Receive
                0x000000000000240c                Reply
                0x00000000000029c8                Putstr
                0x0000000000002198                MyTid
                0x000000000000213c                CreateClockServer
                0x0000000000002210                Exit
                0x0000000000002978                Putr
                0x0000000000002238                Quit
                0x00000000000026cc                DelayUntil
                0x0000000000002a1c                Putw
                0x0000000000002110                CreateNameServer
                0x00000000000020dc                user_contextswitch
                0x0000000000002168                CreateIOServer
                0x0000000000002c60                Printf
                0x000000000000233c                RegisterAs
                0x0000000000002ae8                IOFormat
                0x0000000000002468                Delay
                0x00000000000025e4                Time
 .text          0x0000000000002c80     0x11c8 kernelRequestCall.o
                0x0000000000002c94                kernel_MyParentTid
                0x0000000000003360                kernel_Receive
                0x0000000000002cd8                kernel_Exit
                0x0000000000003964                kernel_AwaitEvent
                0x0000000000003254                processMail
                0x0000000000003398                kernel_Send
                0x0000000000002c80                kernel_MyTid
                0x0000000000003520                kernel_RequestIOServer
                0x0000000000003468                kernel_RegisterAs
                0x0000000000003150                kernel_CreateNameServer
                0x0000000000002cb8                kernel_Quit
                0x0000000000003218                kernel_IdlePercentage
                0x0000000000003088                kernel_CreateClockServer
                0x0000000000002ca8                kernel_Pass
                0x00000000000034c4                kernel_WhoIs
                0x0000000000002e3c                kernel_Create
                0x0000000000003610                kernel_RequestClockServer
                0x0000000000002d08                kernel_Reply
                0x0000000000003658                processInterrupt
                0x0000000000002ec8                kernel_CreateIOServer
                0x0000000000003b9c                processRequest
 .text          0x0000000000003e48      0x110 interruptHandler.o
                0x0000000000003e48                initHandlers
                0x0000000000003e90                activate
 .text          0x0000000000003f58     0x3170 server.o
                0x0000000000004508                idleTask
                0x000000000000434c                initStorage
                0x00000000000040a4                nameServerInit
                0x0000000000005cb0                UserPrompt
                0x000000000000450c                clockNotifier
                0x0000000000004108                NameServerTask
                0x0000000000004548                clockServer
                0x0000000000006000                displayServer
                0x00000000000044c0                deleteFromStorage
                0x0000000000004ccc                UART1_SendServer
                0x0000000000004358                insertIntoStorage
                0x0000000000004bb4                UART2Send_Notifier
                0x0000000000004b40                UART1Receive_Notifier
                0x00000000000040cc                nameServerRun
                0x0000000000004a6c                UART1Send_Notifier
                0x0000000000004f64                UART2_SendServer
                0x0000000000005c50                Grid
                0x00000000000053d4                UART1_ReceiveServer
                0x0000000000005204                UART2_ReceiveServer
                0x0000000000007010                DeathServer
                0x0000000000006e54                commandReverseDelayServer
                0x0000000000004c58                UART2Receive_Notifier
                0x00000000000055a8                trainServer
                0x0000000000006884                commandServer
                0x0000000000003f58                FirstUserTask
 .text          0x00000000000070c8      0xe00 controller.o
                0x00000000000070c8                update_switch
                0x0000000000007a90                parseCommand
                0x0000000000007420                nextState
 .text          0x0000000000007ec8      0xa5c ui.o
                0x00000000000086f0                displayClock
                0x0000000000008628                displaySensors
                0x0000000000007ec8                displayGrid
                0x0000000000008404                getSensorData
 .text          0x0000000000008924       0x40 trackB.o
                0x0000000000008924                displayTrack
                0x0000000000008928                main
 .text          0x0000000000008964      0x110 /u/wbcowan/gnuarm-4.0.2/lib/gcc/arm-elf/4.0.2/libgcc.a(_udivsi3.o)
                0x0000000000008964                __udivsi3
                0x0000000000008a5c                __aeabi_uidivmod
 .text          0x0000000000008a74       0xcc /u/wbcowan/gnuarm-4.0.2/lib/gcc/arm-elf/4.0.2/libgcc.a(_umodsi3.o)
                0x0000000000008a74                __umodsi3
 .text          0x0000000000008b40        0x4 /u/wbcowan/gnuarm-4.0.2/lib/gcc/arm-elf/4.0.2/libgcc.a(_dvmd_tls.o)
                0x0000000000008b40                __aeabi_ldiv0
                0x0000000000008b40                __div0
                0x0000000000008b40                __aeabi_idiv0
 *(.got)
 .got           0x0000000000008b44       0x60 bwio.o
 *(.got.plt)
 .got.plt       0x0000000000008ba4        0xc bwio.o
                0x0000000000008ba4                _GLOBAL_OFFSET_TABLE_
 *(.rodata)
 *(.glue_7)
 *(.glue_7t)
 *(.rodata.str1.4)
 .rodata.str1.4
                0x0000000000008bb0       0x16 bwio.o
                                         0x18 (size before relaxing)
 *fill*         0x0000000000008bc6        0x2 00
 .rodata.str1.4
                0x0000000000008bc8       0xaa time.o
                                         0xac (size before relaxing)
 .rodata.str1.4
                0x0000000000008c72        0x0 dictionary.o
                                          0x4 (size before relaxing)
 *fill*         0x0000000000008c72        0x2 00
 .rodata.str1.4
                0x0000000000008c74       0x62 kernelHandler.o
                                         0x64 (size before relaxing)
 *fill*         0x0000000000008cd6        0x2 00
 .rodata.str1.4
                0x0000000000008cd8      0x19d kernelRequestCall.o
                                        0x1a0 (size before relaxing)
 *fill*         0x0000000000008e75        0x3 00
 .rodata.str1.4
                0x0000000000008e78      0xf7d server.o
                                        0xf80 (size before relaxing)
 *fill*         0x0000000000009df5        0x3 00
 .rodata.str1.4
                0x0000000000009df8      0x103 controller.o
                                        0x150 (size before relaxing)
 *fill*         0x0000000000009efb        0x1 00
 .rodata.str1.4
                0x0000000000009efc      0x34d ui.o
                                        0x3b4 (size before relaxing)

.rel.dyn
LOAD bwio.o
LOAD time.o
LOAD icu.o
LOAD pkstring.o
LOAD dictionary.o
LOAD buffer.o
LOAD td.o
LOAD kernelHandler.o
LOAD userRequestCall.o
LOAD kernelRequestCall.o
LOAD interruptHandler.o
LOAD server.o
LOAD controller.o
LOAD ui.o
LOAD trackB.o
LOAD /u/wbcowan/gnuarm-4.0.2/lib/gcc/arm-elf/4.0.2/libgcc.a
OUTPUT(trackB.elf elf32-littlearm)

.comment        0x0000000000000000      0x10e
 .comment       0x0000000000000000       0x12 bwio.o
 .comment       0x0000000000000012       0x12 time.o
 .comment       0x0000000000000024       0x12 icu.o
 .comment       0x0000000000000036       0x12 pkstring.o
 .comment       0x0000000000000048       0x12 dictionary.o
 .comment       0x000000000000005a       0x12 buffer.o
 .comment       0x000000000000006c       0x12 td.o
 .comment       0x000000000000007e       0x12 kernelHandler.o
 .comment       0x0000000000000090       0x12 userRequestCall.o
 .comment       0x00000000000000a2       0x12 kernelRequestCall.o
 .comment       0x00000000000000b4       0x12 interruptHandler.o
 .comment       0x00000000000000c6       0x12 server.o
 .comment       0x00000000000000d8       0x12 controller.o
 .comment       0x00000000000000ea       0x12 ui.o
 .comment       0x00000000000000fc       0x12 trackB.o

.debug_line     0x0000000000000000      0x14f
 .debug_line    0x0000000000000000       0x86 /u/wbcowan/gnuarm-4.0.2/lib/gcc/arm-elf/4.0.2/libgcc.a(_udivsi3.o)
 .debug_line    0x0000000000000086       0x6f /u/wbcowan/gnuarm-4.0.2/lib/gcc/arm-elf/4.0.2/libgcc.a(_umodsi3.o)
 .debug_line    0x00000000000000f5       0x5a /u/wbcowan/gnuarm-4.0.2/lib/gcc/arm-elf/4.0.2/libgcc.a(_dvmd_tls.o)

.debug_info     0x0000000000000000      0x153
 .debug_info    0x0000000000000000       0x71 /u/wbcowan/gnuarm-4.0.2/lib/gcc/arm-elf/4.0.2/libgcc.a(_udivsi3.o)
 .debug_info    0x0000000000000071       0x71 /u/wbcowan/gnuarm-4.0.2/lib/gcc/arm-elf/4.0.2/libgcc.a(_umodsi3.o)
 .debug_info    0x00000000000000e2       0x71 /u/wbcowan/gnuarm-4.0.2/lib/gcc/arm-elf/4.0.2/libgcc.a(_dvmd_tls.o)

.debug_abbrev   0x0000000000000000       0x3c
 .debug_abbrev  0x0000000000000000       0x14 /u/wbcowan/gnuarm-4.0.2/lib/gcc/arm-elf/4.0.2/libgcc.a(_udivsi3.o)
 .debug_abbrev  0x0000000000000014       0x14 /u/wbcowan/gnuarm-4.0.2/lib/gcc/arm-elf/4.0.2/libgcc.a(_umodsi3.o)
 .debug_abbrev  0x0000000000000028       0x14 /u/wbcowan/gnuarm-4.0.2/lib/gcc/arm-elf/4.0.2/libgcc.a(_dvmd_tls.o)

.debug_aranges  0x0000000000000000       0x60
 .debug_aranges
                0x0000000000000000       0x20 /u/wbcowan/gnuarm-4.0.2/lib/gcc/arm-elf/4.0.2/libgcc.a(_udivsi3.o)
 .debug_aranges
                0x0000000000000020       0x20 /u/wbcowan/gnuarm-4.0.2/lib/gcc/arm-elf/4.0.2/libgcc.a(_umodsi3.o)
 .debug_aranges
                0x0000000000000040       0x20 /u/wbcowan/gnuarm-4.0.2/lib/gcc/arm-elf/4.0.2/libgcc.a(_dvmd_tls.o)
