Archive member included because of file (symbol)

/u/wbcowan/gnuarm-4.0.2/lib/gcc/arm-elf/4.0.2/libgcc.a(_udivsi3.o)
                              bwio.o (__udivsi3)
/u/wbcowan/gnuarm-4.0.2/lib/gcc/arm-elf/4.0.2/libgcc.a(_umodsi3.o)
                              bwio.o (__umodsi3)
/u/wbcowan/gnuarm-4.0.2/lib/gcc/arm-elf/4.0.2/libgcc.a(_dvmd_tls.o)
                              /u/wbcowan/gnuarm-4.0.2/lib/gcc/arm-elf/4.0.2/libgcc.a(_udivsi3.o) (__div0)

Memory Configuration

Name             Origin             Length             Attributes
ram              0x0000000000000000 0x0000000002000000
rom              0x0000000060000000 0x0000000000800000
rim              0x0000000060000000 0x0000000000800000
*default*        0x0000000000000000 0xffffffffffffffff

Linker script and memory map


data            0x0000000000000000        0x0
                0x0000000000000000                _DataStart = .
 *(.data)
                0x0000000000000000                _DataEnd = .

bss             0x0000000000000000        0x0
                0x0000000000000000                _BssStart = .
 *(.bss)
                0x0000000000000000                _BssEnd = .

text            0x0000000000000000     0x7710
 *(.text)
 .text          0x0000000000000000      0x66c bwio.o
                0x0000000000000170                bwputr
                0x0000000000000618                bwassert
                0x000000000000047c                bwi2a
                0x0000000000000000                bwsetfifo
                0x00000000000000c0                bwputc
                0x0000000000000308                bwa2d
                0x000000000000003c                bwsetspeed
                0x000000000000010c                c2x
                0x0000000000000348                bwa2i
                0x00000000000002bc                bwgetc
                0x00000000000003a0                bwui2a
                0x0000000000000498                bwformat
                0x0000000000000200                bwputw
                0x00000000000005f8                bwprintf
                0x000000000000012c                bwputx
                0x00000000000001b4                bwputstr
 .text          0x000000000000066c      0x2a8 time.o
                0x000000000000066c                startTimer
                0x00000000000008e8                getTicks4
                0x0000000000000874                getTicks
                0x0000000000000760                stopTimer
                0x0000000000000804                clearTimerInterrupt
 .text          0x0000000000000914      0x278 icu.o
                0x0000000000000a3c                toggleUART2ReceiveInterrupt
                0x00000000000009c0                toggleUART1ReceiveInterrupt
                0x0000000000000940                toggleTimer2Interrupt
                0x00000000000009e8                toggleUART1VICInterrupt
                0x0000000000000b3c                disableInterrupts
                0x0000000000000914                toggleTimer1Interrupt
                0x0000000000000a90                checkInterrupts
                0x0000000000000998                toggleUART1SendInterrupt
                0x0000000000000a64                toggleUART2VICInterrupt
                0x000000000000096c                toggleTimer3Interrupt
                0x0000000000000a14                toggleUART2SendInterrupt
 .text          0x0000000000000b8c      0x58c pkstring.o
                0x0000000000000fe8                pkstrcpy_aftern
                0x0000000000000c44                pkstrcpy
                0x0000000000000f4c                pkstreq_volatile
                0x000000000000109c                pkstrcpy_aftern_append
                0x0000000000000cb0                pkstreql
                0x0000000000000f70                pkstrcpy_firstn
                0x0000000000000f28                pkstreq
                0x0000000000000de8                pkstrcmp_volatile
                0x0000000000000b8c                pkmemcpy
                0x0000000000000d7c                pkstrcpy_volatile
                0x0000000000000e88                pkstrcmp
                0x0000000000000be8                pkstrlen
 .text          0x0000000000001118      0x4fc dictionary.o
                0x00000000000011a4                initTIDLookup
                0x0000000000001540                searchDictionary
                0x0000000000001144                initHashMap
                0x00000000000011d0                initDictionary
                0x0000000000001488                deleteHashMap
                0x0000000000001574                addDictionary
                0x0000000000001374                insertHashMap
                0x00000000000015c8                deleteDictionary
                0x00000000000012c4                searchHashMap
                0x0000000000001118                initHashEntry
                0x0000000000001230                hashCode
 .text          0x0000000000001614      0x148 buffer.o
                0x0000000000001708                bufferLength
                0x0000000000001634                addToBuffer
                0x0000000000001684                getFromBuffer
                0x0000000000001614                circularBufferInit
                0x00000000000016e4                isBufferEmpty
 .text          0x000000000000175c      0x198 td.o
                0x0000000000001788                checkMail
                0x0000000000001880                initTD
                0x0000000000001804                putMail
                0x000000000000175c                messageInit
                0x0000000000001774                initInbox
 .text          0x00000000000018f4      0x7b8 kernelHandler.o
                0x0000000000001da0                kernel_queuePop_priority
                0x0000000000001ee0                kernelRun
                0x00000000000019b4                free_Push
                0x0000000000001a94                kernel_queuePush
                0x0000000000001e58                kernel_queuePop
                0x0000000000001b20                initKernel
                0x00000000000018f4                free_Pop
                0x0000000000001990                exitKernel
                0x0000000000001a0c                setTask
                0x0000000000001950                getNextTID
 .text          0x00000000000020ac      0xba0 userRequestCall.o
                0x000000000000222c                Send
                0x00000000000027dc                Getc
                0x0000000000002864                Putc
                0x0000000000002670                IdlePercentage
                0x000000000000218c                MyParentTid
                0x00000000000021b4                Pass
                0x00000000000028f4                Putx
                0x0000000000002268                WhoIs
                0x00000000000020b4                Create
                0x0000000000002408                AwaitEvent
                0x00000000000023a8                Receive
                0x00000000000023d8                Reply
                0x0000000000002994                Putstr
                0x0000000000002164                MyTid
                0x000000000000210c                CreateClockServer
                0x00000000000021dc                Exit
                0x0000000000002944                Putr
                0x0000000000002204                Quit
                0x0000000000002698                DelayUntil
                0x00000000000029e8                Putw
                0x00000000000020e0                CreateNameServer
                0x00000000000020ac                user_contextswitch
                0x0000000000002138                CreateIOServer
                0x0000000000002c2c                Printf
                0x0000000000002308                RegisterAs
                0x0000000000002ab4                IOFormat
                0x0000000000002434                Delay
                0x00000000000025b0                Time
 .text          0x0000000000002c4c      0xf84 kernelRequestCall.o
                0x0000000000002c60                kernel_MyParentTid
                0x0000000000003214                kernel_Receive
                0x0000000000002c84                kernel_Exit
                0x0000000000003770                kernel_AwaitEvent
                0x0000000000003108                processMail
                0x000000000000324c                kernel_Send
                0x0000000000002c4c                kernel_MyTid
                0x00000000000033d4                kernel_RequestIOServer
                0x000000000000331c                kernel_RegisterAs
                0x0000000000003004                kernel_CreateNameServer
                0x00000000000030cc                kernel_IdlePercentage
                0x0000000000002f3c                kernel_CreateClockServer
                0x0000000000002c74                kernel_Pass
                0x0000000000003378                kernel_WhoIs
                0x0000000000002de8                kernel_Create
                0x000000000000341c                kernel_RequestClockServer
                0x0000000000002cb4                kernel_Reply
                0x0000000000003464                processInterrupt
                0x0000000000002e74                kernel_CreateIOServer
                0x00000000000039a8                processRequest
 .text          0x0000000000003bd0      0x110 interruptHandler.o
                0x0000000000003bd0                initHandlers
                0x0000000000003c18                activate
 .text          0x0000000000003ce0     0x1408 server.o
                0x0000000000004144                idleTask
                0x0000000000003f88                initStorage
                0x0000000000003ce0                nameServerInit
                0x0000000000004148                clockNotifier
                0x0000000000003d44                NameServerTask
                0x0000000000004184                clockServer
                0x00000000000040fc                deleteFromStorage
                0x0000000000003f94                insertIntoStorage
                0x0000000000004a44                UART2Send_Notifier
                0x00000000000049b4                UART1Receive_Notifier
                0x0000000000003d08                nameServerRun
                0x0000000000004904                UART1Send_Notifier
                0x0000000000004b78                ioServer
                0x0000000000004ae8                UART2Receive_Notifier
                0x00000000000046a8                ClockDisplay
                0x0000000000004888                FirstUserTask
 .text          0x00000000000050e8      0x914 controller.o
                0x0000000000005758                parseCommand
                0x00000000000050e8                nextState
 .text          0x00000000000059fc      0xa0c ui.o
                0x0000000000005f98                displayUserPrompt
                0x00000000000062bc                displaySensors
                0x00000000000059fc                displayGrid
 .text          0x0000000000006408      0x3a8 k3.o
                0x0000000000006578                God
                0x0000000000006774                main
                0x0000000000006408                Task
 .text          0x00000000000067b0      0x110 /u/wbcowan/gnuarm-4.0.2/lib/gcc/arm-elf/4.0.2/libgcc.a(_udivsi3.o)
                0x00000000000067b0                __udivsi3
                0x00000000000068a8                __aeabi_uidivmod
 .text          0x00000000000068c0       0xcc /u/wbcowan/gnuarm-4.0.2/lib/gcc/arm-elf/4.0.2/libgcc.a(_umodsi3.o)
                0x00000000000068c0                __umodsi3
 .text          0x000000000000698c        0x4 /u/wbcowan/gnuarm-4.0.2/lib/gcc/arm-elf/4.0.2/libgcc.a(_dvmd_tls.o)
                0x000000000000698c                __aeabi_ldiv0
                0x000000000000698c                __div0
                0x000000000000698c                __aeabi_idiv0
 *(.got)
 .got           0x0000000000006990       0x38 bwio.o
 *(.got.plt)
 .got.plt       0x00000000000069c8        0xc bwio.o
                0x00000000000069c8                _GLOBAL_OFFSET_TABLE_
 *(.rodata)
 *(.glue_7)
 *(.glue_7t)
 *(.rodata.str1.4)
 .rodata.str1.4
                0x00000000000069d4       0x16 bwio.o
                                         0x18 (size before relaxing)
 *fill*         0x00000000000069ea        0x2 00
 .rodata.str1.4
                0x00000000000069ec       0xaa time.o
                                         0xac (size before relaxing)
 .rodata.str1.4
                0x0000000000006a96        0x0 dictionary.o
                                          0x4 (size before relaxing)
 *fill*         0x0000000000006a96        0x2 00
 .rodata.str1.4
                0x0000000000006a98       0x62 kernelHandler.o
                                         0x64 (size before relaxing)
 *fill*         0x0000000000006afa        0x2 00
 .rodata.str1.4
                0x0000000000006afc      0x19d kernelRequestCall.o
                                        0x1a0 (size before relaxing)
 *fill*         0x0000000000006c99        0x3 00
 .rodata.str1.4
                0x0000000000006c9c      0x497 server.o
                                        0x498 (size before relaxing)
 *fill*         0x0000000000007133        0x1 00
 .rodata.str1.4
                0x0000000000007134      0x477 ui.o
                                        0x490 (size before relaxing)
 *fill*         0x00000000000075ab        0x1 00
 .rodata.str1.4
                0x00000000000075ac      0x164 k3.o
                                        0x174 (size before relaxing)

.rel.dyn
LOAD bwio.o
LOAD time.o
LOAD icu.o
LOAD pkstring.o
LOAD dictionary.o
LOAD buffer.o
LOAD td.o
LOAD kernelHandler.o
LOAD userRequestCall.o
LOAD kernelRequestCall.o
LOAD interruptHandler.o
LOAD server.o
LOAD controller.o
LOAD ui.o
LOAD k3.o
LOAD /u/wbcowan/gnuarm-4.0.2/lib/gcc/arm-elf/4.0.2/libgcc.a
OUTPUT(k3.elf elf32-littlearm)

.comment        0x0000000000000000      0x10e
 .comment       0x0000000000000000       0x12 bwio.o
 .comment       0x0000000000000012       0x12 time.o
 .comment       0x0000000000000024       0x12 icu.o
 .comment       0x0000000000000036       0x12 pkstring.o
 .comment       0x0000000000000048       0x12 dictionary.o
 .comment       0x000000000000005a       0x12 buffer.o
 .comment       0x000000000000006c       0x12 td.o
 .comment       0x000000000000007e       0x12 kernelHandler.o
 .comment       0x0000000000000090       0x12 userRequestCall.o
 .comment       0x00000000000000a2       0x12 kernelRequestCall.o
 .comment       0x00000000000000b4       0x12 interruptHandler.o
 .comment       0x00000000000000c6       0x12 server.o
 .comment       0x00000000000000d8       0x12 controller.o
 .comment       0x00000000000000ea       0x12 ui.o
 .comment       0x00000000000000fc       0x12 k3.o

.debug_line     0x0000000000000000      0x14f
 .debug_line    0x0000000000000000       0x86 /u/wbcowan/gnuarm-4.0.2/lib/gcc/arm-elf/4.0.2/libgcc.a(_udivsi3.o)
 .debug_line    0x0000000000000086       0x6f /u/wbcowan/gnuarm-4.0.2/lib/gcc/arm-elf/4.0.2/libgcc.a(_umodsi3.o)
 .debug_line    0x00000000000000f5       0x5a /u/wbcowan/gnuarm-4.0.2/lib/gcc/arm-elf/4.0.2/libgcc.a(_dvmd_tls.o)

.debug_info     0x0000000000000000      0x153
 .debug_info    0x0000000000000000       0x71 /u/wbcowan/gnuarm-4.0.2/lib/gcc/arm-elf/4.0.2/libgcc.a(_udivsi3.o)
 .debug_info    0x0000000000000071       0x71 /u/wbcowan/gnuarm-4.0.2/lib/gcc/arm-elf/4.0.2/libgcc.a(_umodsi3.o)
 .debug_info    0x00000000000000e2       0x71 /u/wbcowan/gnuarm-4.0.2/lib/gcc/arm-elf/4.0.2/libgcc.a(_dvmd_tls.o)

.debug_abbrev   0x0000000000000000       0x3c
 .debug_abbrev  0x0000000000000000       0x14 /u/wbcowan/gnuarm-4.0.2/lib/gcc/arm-elf/4.0.2/libgcc.a(_udivsi3.o)
 .debug_abbrev  0x0000000000000014       0x14 /u/wbcowan/gnuarm-4.0.2/lib/gcc/arm-elf/4.0.2/libgcc.a(_umodsi3.o)
 .debug_abbrev  0x0000000000000028       0x14 /u/wbcowan/gnuarm-4.0.2/lib/gcc/arm-elf/4.0.2/libgcc.a(_dvmd_tls.o)

.debug_aranges  0x0000000000000000       0x60
 .debug_aranges
                0x0000000000000000       0x20 /u/wbcowan/gnuarm-4.0.2/lib/gcc/arm-elf/4.0.2/libgcc.a(_udivsi3.o)
 .debug_aranges
                0x0000000000000020       0x20 /u/wbcowan/gnuarm-4.0.2/lib/gcc/arm-elf/4.0.2/libgcc.a(_umodsi3.o)
 .debug_aranges
                0x0000000000000040       0x20 /u/wbcowan/gnuarm-4.0.2/lib/gcc/arm-elf/4.0.2/libgcc.a(_dvmd_tls.o)
