Archive member included because of file (symbol)

/u/wbcowan/gnuarm-4.0.2/lib/gcc/arm-elf/4.0.2/libgcc.a(_udivsi3.o)
                              bwio.o (__udivsi3)
/u/wbcowan/gnuarm-4.0.2/lib/gcc/arm-elf/4.0.2/libgcc.a(_divsi3.o)
                              trainserver.o (__divsi3)
/u/wbcowan/gnuarm-4.0.2/lib/gcc/arm-elf/4.0.2/libgcc.a(_umodsi3.o)
                              bwio.o (__umodsi3)
/u/wbcowan/gnuarm-4.0.2/lib/gcc/arm-elf/4.0.2/libgcc.a(_dvmd_tls.o)
                              /u/wbcowan/gnuarm-4.0.2/lib/gcc/arm-elf/4.0.2/libgcc.a(_udivsi3.o) (__div0)

Memory Configuration

Name             Origin             Length             Attributes
ram              0x0000000000000000 0x0000000002000000
rom              0x0000000060000000 0x0000000000800000
rim              0x0000000060000000 0x0000000000800000
*default*        0x0000000000000000 0xffffffffffffffff

Linker script and memory map


data            0x0000000000000000        0x0
                0x0000000000000000                _DataStart = .
 *(.data)
                0x0000000000000000                _DataEnd = .

bss             0x0000000000000000        0x0
                0x0000000000000000                _BssStart = .
 *(.bss)
                0x0000000000000000                _BssEnd = .

text            0x0000000000000000    0x16e7f
 *(.text)
 .text          0x0000000000000000      0x6ac bwio.o
                0x0000000000000170                bwputr
                0x0000000000000634                bwassert
                0x000000000000047c                bwi2a
                0x0000000000000000                bwsetfifo
                0x00000000000000c0                bwputc
                0x0000000000000308                bwa2d
                0x000000000000003c                bwsetspeed
                0x000000000000010c                c2x
                0x0000000000000348                bwa2i
                0x00000000000002bc                bwgetc
                0x00000000000003a0                bwui2a
                0x0000000000000498                bwformat
                0x0000000000000200                bwputw
                0x0000000000000614                bwprintf
                0x000000000000012c                bwputx
                0x00000000000001b4                bwputstr
 .text          0x00000000000006ac      0x2bc time.o
                0x00000000000006ac                startTimer
                0x0000000000000928                getTicks4
                0x00000000000008b4                getTicks
                0x00000000000007a0                stopTimer
                0x0000000000000844                clearTimerInterrupt
                0x0000000000000954                getTicks4us
 .text          0x0000000000000968      0x278 icu.o
                0x0000000000000a90                toggleUART2ReceiveInterrupt
                0x0000000000000a14                toggleUART1ReceiveInterrupt
                0x0000000000000994                toggleTimer2Interrupt
                0x0000000000000a3c                toggleUART1VICInterrupt
                0x0000000000000b90                disableInterrupts
                0x0000000000000968                toggleTimer1Interrupt
                0x0000000000000ae4                checkInterrupts
                0x00000000000009ec                toggleUART1SendInterrupt
                0x0000000000000ab8                toggleUART2VICInterrupt
                0x00000000000009c0                toggleTimer3Interrupt
                0x0000000000000a68                toggleUART2SendInterrupt
 .text          0x0000000000000be0      0x5f8 pkstring.o
                0x00000000000010a8                pkstrcpy_aftern
                0x0000000000000d04                pkstrcpy
                0x000000000000100c                pkstreq_volatile
                0x0000000000000be0                pkmemcpy2
                0x000000000000115c                pkstrcpy_aftern_append
                0x0000000000000d70                pkstreql
                0x0000000000001030                pkstrcpy_firstn
                0x0000000000000fe8                pkstreq
                0x0000000000000ea8                pkstrcmp_volatile
                0x0000000000000c3c                pkmemcpy
                0x0000000000000e3c                pkstrcpy_volatile
                0x0000000000000f48                pkstrcmp
                0x0000000000000cb4                pkstrlen
 .text          0x00000000000011d8      0x4fc dictionary.o
                0x0000000000001264                initTIDLookup
                0x0000000000001600                searchDictionary
                0x0000000000001204                initHashMap
                0x0000000000001290                initDictionary
                0x0000000000001548                deleteHashMap
                0x0000000000001634                addDictionary
                0x0000000000001434                insertHashMap
                0x0000000000001688                deleteDictionary
                0x0000000000001384                searchHashMap
                0x00000000000011d8                initHashEntry
                0x00000000000012f0                hashCode
 .text          0x00000000000016d4      0x290 buffer.o
                0x00000000000017c8                bufferLength
                0x0000000000001910                bufferLengthB
                0x000000000000181c                circularBufferInitB
                0x00000000000016f4                addToBuffer
                0x0000000000001744                getFromBuffer
                0x00000000000018ec                isBufferEmptyB
                0x000000000000188c                getFromBufferB
                0x00000000000016d4                circularBufferInit
                0x000000000000183c                addToBufferB
                0x00000000000017a4                isBufferEmpty
 .text          0x0000000000001964     0x54d4 trackGraph.o
                0x0000000000001c34                TrackGraphInitA
                0x0000000000005794                getEdgeDistance
                0x0000000000001b08                findNextSensor
                0x0000000000003994                TrackGraphInitB
                0x00000000000056a4                findEdge
                0x0000000000001988                switch2i
                0x0000000000001964                sensor2i
                0x0000000000005858                getEdgeInfo
                0x0000000000006474                getShortestPathDjikstra
                0x0000000000005eb8                getShortestPath
                0x0000000000001990                findAltSensor
                0x00000000000058e4                getShortestPathPlus
 .text          0x0000000000006e38      0x140 td.o
                0x0000000000006e38                initTD
                0x0000000000006ea4                inbox_Push
                0x0000000000006f10                inbox_Pop
 .text          0x0000000000006f78      0x8cc kernelHandler.o
                0x00000000000077d8                kernelRun
                0x000000000000703c                free_Push
                0x0000000000007128                kernel_queuePush
                0x00000000000071bc                kernel_queuePop
                0x0000000000007418                initKernel
                0x0000000000006f78                free_Pop
                0x0000000000007250                kernelExecute
                0x0000000000007198                exitKernel
                0x0000000000007094                setTask
                0x0000000000006fd4                getNextTID
 .text          0x0000000000007844      0xe2c userRequestCall.o
                0x00000000000079c8                Send
                0x0000000000007f78                Getc
                0x0000000000008000                Putc
                0x0000000000007e0c                IdlePercentage
                0x0000000000007928                MyParentTid
                0x0000000000007950                Pass
                0x00000000000081b8                Putx
                0x0000000000007a64                WhoIs
                0x000000000000784c                Create
                0x0000000000007ba4                AwaitEvent
                0x0000000000007a04                Receive
                0x0000000000007a34                Reply
                0x0000000000008090                Putstr
                0x0000000000007900                MyTid
                0x0000000000008208                sPutx
                0x00000000000078a4                CreateClockServer
                0x0000000000007978                Exit
                0x0000000000008238                Putr
                0x00000000000079a0                Quit
                0x0000000000007e34                DelayUntil
                0x00000000000082ac                Putw
                0x0000000000007878                CreateNameServer
                0x0000000000007844                user_contextswitch
                0x00000000000078d0                CreateIOServer
                0x0000000000008650                Printf
                0x0000000000007b04                RegisterAs
                0x0000000000008454                IOFormat
                0x0000000000007bd0                Delay
                0x0000000000007d4c                Time
                0x000000000000839c                sPutw
 .text          0x0000000000008670     0x11b4 kernelRequestCall.o
                0x0000000000008684                kernel_MyParentTid
                0x000000000000889c                kernel_Receive
                0x00000000000086c0                kernel_Exit
                0x0000000000009398                kernel_AwaitEvent
                0x00000000000087c0                processMail
                0x00000000000088cc                kernel_Send
                0x0000000000008670                kernel_MyTid
                0x0000000000008a40                kernel_RequestIOServer
                0x0000000000008988                kernel_RegisterAs
                0x0000000000008e88                kernel_CreateNameServer
                0x00000000000086a8                kernel_Quit
                0x0000000000008f54                kernel_IdlePercentage
                0x0000000000008dbc                kernel_CreateClockServer
                0x0000000000008698                kernel_Pass
                0x00000000000089e4                kernel_WhoIs
                0x0000000000008b6c                kernel_Create
                0x0000000000008b28                kernel_RequestClockServer
                0x00000000000086f0                kernel_Reply
                0x0000000000008f90                processInterrupt
                0x0000000000008bf8                kernel_CreateIOServer
                0x00000000000095e8                processRequest
 .text          0x0000000000009824      0x10c interruptHandler.o
                0x0000000000009824                initHandlers
                0x000000000000986c                activate
 .text          0x0000000000009930      0x2a8 nameserver.o
                0x0000000000009930                nameServerInit
                0x0000000000009994                NameServerTask
                0x0000000000009958                nameServerRun
 .text          0x0000000000009bd8      0x778 clockserver.o
                0x0000000000009d28                minHeapify
                0x0000000000009bd8                initStorage
                0x0000000000009c2c                clockNotifier
                0x0000000000009e28                clockServer
                0x0000000000009c0c                minHeapPeak
                0x0000000000009bf4                heapLeft
                0x0000000000009be4                heapParent
                0x0000000000009c00                heapRight
                0x0000000000009c68                minHeapInsert
                0x0000000000009dcc                minHeapDelete
 .text          0x000000000000a350      0xb58 ioserver.o
                0x000000000000a560                UART1_SendServer
                0x000000000000a448                UART2Send_Notifier
                0x000000000000a3e4                UART1Receive_Notifier
                0x000000000000a350                UART1Send_Notifier
                0x000000000000a7f4                UART2_SendServer
                0x000000000000acd4                UART1_ReceiveServer
                0x000000000000ab04                UART2_ReceiveServer
                0x000000000000a4ec                UART2Receive_Notifier
 .text          0x000000000000aea8      0x9f4 commandserver.o
                0x000000000000b71c                commandReverseDelayServer
                0x000000000000aea8                commandServer
 .text          0x000000000000b89c     0x290c trainserver.o
                0x000000000000c090                trainWorkerIndex
                0x000000000000d1f4                trainTimer
                0x000000000000c148                trainProfile
                0x000000000000d470                stopDistance
                0x000000000000b8d4                printTrainDiagnostics
                0x000000000000c02c                max
                0x000000000000b89c                trainPrintLocation
                0x000000000000c0dc                setTrainWorkerStatus
                0x000000000000b8d8                initTrains
                0x000000000000baa4                trainServer
                0x000000000000df40                trainStopServer
                0x000000000000c118                nextFreeTrainWorker
                0x000000000000c038                initTrainWorker
                0x000000000000d5a0                trainVelocityServer
                0x000000000000d260                trainWorker
 .text          0x000000000000e1a8     0x16d8 trackserver.o
                0x000000000000e1a8                shortEdge
                0x000000000000e254                trackServer
                0x000000000000e1c0                trackServerPing
 .text          0x000000000000f880     0x1378 displayserver.o
                0x000000000000f880                UserPrompt
                0x000000000000fea4                displayServer
                0x000000000000fe84                iodebug
                0x000000000000fc5c                ioformat
 .text          0x0000000000010bf8       0xbc deathserver.o
                0x0000000000010bf8                DeathServer
 .text          0x0000000000010cb4     0x12d4 sensorserver.o
                0x00000000000115e0                sensorNotifier
                0x0000000000010d4c                wakeupWaitingSensorWorker
                0x0000000000011720                sensorProcessor
                0x00000000000114fc                sensorDisplayCourier
                0x000000000001142c                sensorCourier
                0x0000000000010cb4                initSensorWorker
                0x0000000000010f88                bootSensorWorker
                0x00000000000110fc                sensorServer
                0x0000000000010cf8                registerSensorWorker
 .text          0x0000000000011f88      0x1f8 usertasks.o
                0x000000000001217c                idleTask
                0x00000000000120d4                trainTask
                0x0000000000011f88                FirstUserTask
 .text          0x0000000000012180     0x1854 controller.o
                0x0000000000012180                update_switch
                0x0000000000013368                parseCommand
                0x000000000001265c                nextState
 .text          0x00000000000139d4      0x838 ui.o
                0x0000000000013fc4                displayClock
                0x00000000000139d4                displayGrid
 .text          0x000000000001420c       0x7c trackB.o
                0x000000000001420c                markedOutSensor
                0x0000000000014240                TrackGraphInit
                0x0000000000014248                main
                0x0000000000014244                drawTrack
 .text          0x0000000000014288      0x110 /u/wbcowan/gnuarm-4.0.2/lib/gcc/arm-elf/4.0.2/libgcc.a(_udivsi3.o)
                0x0000000000014288                __udivsi3
                0x0000000000014380                __aeabi_uidivmod
 .text          0x0000000000014398      0x140 /u/wbcowan/gnuarm-4.0.2/lib/gcc/arm-elf/4.0.2/libgcc.a(_divsi3.o)
                0x0000000000014398                __divsi3
                0x00000000000144c0                __aeabi_idivmod
 .text          0x00000000000144d8       0xcc /u/wbcowan/gnuarm-4.0.2/lib/gcc/arm-elf/4.0.2/libgcc.a(_umodsi3.o)
                0x00000000000144d8                __umodsi3
 .text          0x00000000000145a4        0x4 /u/wbcowan/gnuarm-4.0.2/lib/gcc/arm-elf/4.0.2/libgcc.a(_dvmd_tls.o)
                0x00000000000145a4                __aeabi_ldiv0
                0x00000000000145a4                __div0
                0x00000000000145a4                __aeabi_idiv0
 *(.got)
 .got           0x00000000000145a8       0x88 bwio.o
 *(.got.plt)
 .got.plt       0x0000000000014630        0xc bwio.o
                0x0000000000014630                _GLOBAL_OFFSET_TABLE_
 *(.rodata)
 *(.glue_7)
 *(.glue_7t)
 *(.rodata.str1.4)
 .rodata.str1.4
                0x000000000001463c       0x2a bwio.o
                                         0x2c (size before relaxing)
 *fill*         0x0000000000014666        0x2 00
 .rodata.str1.4
                0x0000000000014668       0xaa time.o
                                         0xac (size before relaxing)
 .rodata.str1.4
                0x0000000000014712        0x0 dictionary.o
                                          0x4 (size before relaxing)
 *fill*         0x0000000000014712        0x2 00
 .rodata.str1.4
                0x0000000000014714      0x54f trackGraph.o
                                        0x554 (size before relaxing)
 *fill*         0x0000000000014c63        0x1 00
 .rodata.str1.4
                0x0000000000014c64       0x84 kernelHandler.o
 .rodata.str1.4
                0x0000000000014ce8      0x19d kernelRequestCall.o
                                        0x1a0 (size before relaxing)
 *fill*         0x0000000000014e85        0x3 00
 .rodata.str1.4
                0x0000000000014e88       0x4a nameserver.o
                                         0x4c (size before relaxing)
 *fill*         0x0000000000014ed2        0x2 00
 .rodata.str1.4
                0x0000000000014ed4      0x1cf clockserver.o
                                        0x1d4 (size before relaxing)
 *fill*         0x00000000000150a3        0x1 00
 .rodata.str1.4
                0x00000000000150a4      0x3bd ioserver.o
                                        0x3c4 (size before relaxing)
 *fill*         0x0000000000015461        0x3 00
 .rodata.str1.4
                0x0000000000015464      0x247 commandserver.o
                                        0x268 (size before relaxing)
 *fill*         0x00000000000156ab        0x1 00
 .rodata.str1.4
                0x00000000000156ac      0x419 trainserver.o
                                        0x440 (size before relaxing)
 *fill*         0x0000000000015ac5        0x3 00
 .rodata.str1.4
                0x0000000000015ac8      0x2c2 trackserver.o
                                        0x380 (size before relaxing)
 *fill*         0x0000000000015d8a        0x2 00
 .rodata.str1.4
                0x0000000000015d8c      0x8d7 displayserver.o
                                        0x920 (size before relaxing)
 *fill*         0x0000000000016663        0x1 00
 .rodata.str1.4
                0x0000000000016664       0x39 deathserver.o
                                         0x4c (size before relaxing)
 *fill*         0x000000000001669d        0x3 00
 .rodata.str1.4
                0x00000000000166a0      0x3bf sensorserver.o
                                        0x418 (size before relaxing)
 *fill*         0x0000000000016a5f        0x1 00
 .rodata.str1.4
                0x0000000000016a60       0xdd usertasks.o
                                         0xe0 (size before relaxing)
 *fill*         0x0000000000016b3d        0x3 00
 .rodata.str1.4
                0x0000000000016b40      0x1b7 controller.o
                                        0x22c (size before relaxing)
 *fill*         0x0000000000016cf7        0x1 00
 .rodata.str1.4
                0x0000000000016cf8      0x187 ui.o
                                        0x1e0 (size before relaxing)
 .rodata.str1.4
                0x0000000000016e7f        0x0 trackB.o
                                          0x4 (size before relaxing)

.rel.dyn
LOAD bwio.o
LOAD time.o
LOAD icu.o
LOAD pkstring.o
LOAD dictionary.o
LOAD buffer.o
LOAD trackGraph.o
LOAD td.o
LOAD kernelHandler.o
LOAD userRequestCall.o
LOAD kernelRequestCall.o
LOAD interruptHandler.o
LOAD nameserver.o
LOAD clockserver.o
LOAD ioserver.o
LOAD commandserver.o
LOAD trainserver.o
LOAD trackserver.o
LOAD displayserver.o
LOAD deathserver.o
LOAD sensorserver.o
LOAD usertasks.o
LOAD controller.o
LOAD ui.o
LOAD trackB.o
LOAD /u/wbcowan/gnuarm-4.0.2/lib/gcc/arm-elf/4.0.2/libgcc.a
OUTPUT(trackB.elf elf32-littlearm)

.comment        0x0000000000000000      0x1c2
 .comment       0x0000000000000000       0x12 bwio.o
 .comment       0x0000000000000012       0x12 time.o
 .comment       0x0000000000000024       0x12 icu.o
 .comment       0x0000000000000036       0x12 pkstring.o
 .comment       0x0000000000000048       0x12 dictionary.o
 .comment       0x000000000000005a       0x12 buffer.o
 .comment       0x000000000000006c       0x12 trackGraph.o
 .comment       0x000000000000007e       0x12 td.o
 .comment       0x0000000000000090       0x12 kernelHandler.o
 .comment       0x00000000000000a2       0x12 userRequestCall.o
 .comment       0x00000000000000b4       0x12 kernelRequestCall.o
 .comment       0x00000000000000c6       0x12 interruptHandler.o
 .comment       0x00000000000000d8       0x12 nameserver.o
 .comment       0x00000000000000ea       0x12 clockserver.o
 .comment       0x00000000000000fc       0x12 ioserver.o
 .comment       0x000000000000010e       0x12 commandserver.o
 .comment       0x0000000000000120       0x12 trainserver.o
 .comment       0x0000000000000132       0x12 trackserver.o
 .comment       0x0000000000000144       0x12 displayserver.o
 .comment       0x0000000000000156       0x12 deathserver.o
 .comment       0x0000000000000168       0x12 sensorserver.o
 .comment       0x000000000000017a       0x12 usertasks.o
 .comment       0x000000000000018c       0x12 controller.o
 .comment       0x000000000000019e       0x12 ui.o
 .comment       0x00000000000001b0       0x12 trackB.o

.debug_line     0x0000000000000000      0x1e1
 .debug_line    0x0000000000000000       0x86 /u/wbcowan/gnuarm-4.0.2/lib/gcc/arm-elf/4.0.2/libgcc.a(_udivsi3.o)
 .debug_line    0x0000000000000086       0x92 /u/wbcowan/gnuarm-4.0.2/lib/gcc/arm-elf/4.0.2/libgcc.a(_divsi3.o)
 .debug_line    0x0000000000000118       0x6f /u/wbcowan/gnuarm-4.0.2/lib/gcc/arm-elf/4.0.2/libgcc.a(_umodsi3.o)
 .debug_line    0x0000000000000187       0x5a /u/wbcowan/gnuarm-4.0.2/lib/gcc/arm-elf/4.0.2/libgcc.a(_dvmd_tls.o)

.debug_info     0x0000000000000000      0x1c4
 .debug_info    0x0000000000000000       0x71 /u/wbcowan/gnuarm-4.0.2/lib/gcc/arm-elf/4.0.2/libgcc.a(_udivsi3.o)
 .debug_info    0x0000000000000071       0x71 /u/wbcowan/gnuarm-4.0.2/lib/gcc/arm-elf/4.0.2/libgcc.a(_divsi3.o)
 .debug_info    0x00000000000000e2       0x71 /u/wbcowan/gnuarm-4.0.2/lib/gcc/arm-elf/4.0.2/libgcc.a(_umodsi3.o)
 .debug_info    0x0000000000000153       0x71 /u/wbcowan/gnuarm-4.0.2/lib/gcc/arm-elf/4.0.2/libgcc.a(_dvmd_tls.o)

.debug_abbrev   0x0000000000000000       0x50
 .debug_abbrev  0x0000000000000000       0x14 /u/wbcowan/gnuarm-4.0.2/lib/gcc/arm-elf/4.0.2/libgcc.a(_udivsi3.o)
 .debug_abbrev  0x0000000000000014       0x14 /u/wbcowan/gnuarm-4.0.2/lib/gcc/arm-elf/4.0.2/libgcc.a(_divsi3.o)
 .debug_abbrev  0x0000000000000028       0x14 /u/wbcowan/gnuarm-4.0.2/lib/gcc/arm-elf/4.0.2/libgcc.a(_umodsi3.o)
 .debug_abbrev  0x000000000000003c       0x14 /u/wbcowan/gnuarm-4.0.2/lib/gcc/arm-elf/4.0.2/libgcc.a(_dvmd_tls.o)

.debug_aranges  0x0000000000000000       0x80
 .debug_aranges
                0x0000000000000000       0x20 /u/wbcowan/gnuarm-4.0.2/lib/gcc/arm-elf/4.0.2/libgcc.a(_udivsi3.o)
 .debug_aranges
                0x0000000000000020       0x20 /u/wbcowan/gnuarm-4.0.2/lib/gcc/arm-elf/4.0.2/libgcc.a(_divsi3.o)
 .debug_aranges
                0x0000000000000040       0x20 /u/wbcowan/gnuarm-4.0.2/lib/gcc/arm-elf/4.0.2/libgcc.a(_umodsi3.o)
 .debug_aranges
                0x0000000000000060       0x20 /u/wbcowan/gnuarm-4.0.2/lib/gcc/arm-elf/4.0.2/libgcc.a(_dvmd_tls.o)
