Archive member included because of file (symbol)

/u/wbcowan/gnuarm-4.0.2/lib/gcc/arm-elf/4.0.2/libgcc.a(_udivsi3.o)
                              bwio.o (__udivsi3)
/u/wbcowan/gnuarm-4.0.2/lib/gcc/arm-elf/4.0.2/libgcc.a(_umodsi3.o)
                              bwio.o (__umodsi3)
/u/wbcowan/gnuarm-4.0.2/lib/gcc/arm-elf/4.0.2/libgcc.a(_dvmd_tls.o)
                              /u/wbcowan/gnuarm-4.0.2/lib/gcc/arm-elf/4.0.2/libgcc.a(_udivsi3.o) (__div0)

Memory Configuration

Name             Origin             Length             Attributes
ram              0x0000000000000000 0x0000000002000000
rom              0x0000000060000000 0x0000000000800000
rim              0x0000000060000000 0x0000000000800000
*default*        0x0000000000000000 0xffffffffffffffff

Linker script and memory map


data            0x0000000000000000        0x0
                0x0000000000000000                _DataStart = .
 *(.data)
                0x0000000000000000                _DataEnd = .

bss             0x0000000000000000        0x0
                0x0000000000000000                _BssStart = .
 *(.bss)
                0x0000000000000000                _BssEnd = .

text            0x0000000000000000     0x8874
 *(.text)
 .text          0x0000000000000000      0xcc4 bwio.o
                0x0000000000000378                bwputr
                0x0000000000000c54                bwassert
                0x00000000000008e4                bwi2a
                0x0000000000000000                bwsetfifo
                0x00000000000001d4                bwputc
                0x0000000000000634                bwa2d
                0x00000000000000c8                bwsetspeed
                0x0000000000000298                c2x
                0x00000000000006dc                bwa2i
                0x000000000000057c                bwgetc
                0x00000000000007a0                bwui2a
                0x0000000000000948                bwformat
                0x0000000000000474                bwputw
                0x0000000000000c1c                bwprintf
                0x00000000000002f8                bwputx
                0x00000000000003f8                bwputstr
 .text          0x0000000000000cc4      0x4ac time.o
                0x0000000000000cc4                startTimer
                0x0000000000001124                getTicks4
                0x0000000000001070                getTicks
                0x0000000000000eb0                stopTimer
                0x0000000000000fc4                clearTimerInterrupt
 .text          0x0000000000001170      0x54c icu.o
                0x00000000000014f4                toggleUART2ReceiveInterrupt
                0x000000000000138c                toggleUART1ReceiveInterrupt
                0x00000000000011e8                toggleTimer2Interrupt
                0x0000000000001674                disableInterrupts
                0x0000000000001170                toggleTimer1Interrupt
                0x00000000000015a8                checkInterrupts
                0x00000000000012d8                toggleUART1SendInterrupt
                0x0000000000001260                toggleTimer3Interrupt
                0x0000000000001440                toggleUART2SendInterrupt
 .text          0x00000000000016bc      0x8c4 pkstring.o
                0x0000000000001db0                pkstrcpy_aftern
                0x00000000000017cc                pkstrcpy
                0x0000000000001c9c                pkstreq_volatile
                0x0000000000001eb8                pkstrcpy_aftern_append
                0x0000000000001878                pkstreql
                0x0000000000001cf8                pkstrcpy_firstn
                0x0000000000001c40                pkstreq
                0x0000000000001a5c                pkstrcmp_volatile
                0x00000000000016bc                pkmemcpy
                0x00000000000019b0                pkstrcpy_volatile
                0x0000000000001b58                pkstrcmp
                0x0000000000001748                pkstrlen
 .text          0x0000000000001f80      0x844 dictionary.o
                0x0000000000002040                initTIDLookup
                0x0000000000002608                searchDictionary
                0x0000000000001fd0                initHashMap
                0x000000000000208c                initDictionary
                0x00000000000024d8                deleteHashMap
                0x0000000000002678                addDictionary
                0x0000000000002318                insertHashMap
                0x0000000000002710                deleteDictionary
                0x00000000000021f4                searchHashMap
                0x0000000000001f80                initHashEntry
                0x0000000000002108                hashCode
 .text          0x00000000000027c4      0x278 buffer.o
                0x00000000000029a4                bufferLength
                0x00000000000027fc                addToBuffer
                0x00000000000028a4                getFromBuffer
                0x00000000000027c4                circularBufferInit
                0x0000000000002954                isBufferEmpty
 .text          0x0000000000002a3c      0x41c td.o
                0x0000000000002ab8                checkMail
                0x0000000000002d24                initTD
                0x0000000000002bf0                putMail
                0x0000000000002a3c                messageInit
                0x0000000000002a80                initInbox
 .text          0x0000000000002e58      0xf9c kernelHandler.o
                0x0000000000003a38                kernel_queuePop_priority
                0x00000000000032f0                kernelRun
                0x000000000000395c                free_Push
                0x00000000000037d0                kernel_queuePush
                0x0000000000003ca8                kernel_queuePop
                0x0000000000002efc                initKernel
                0x0000000000003bc4                free_Pop
                0x0000000000002ec8                exitKernel
                0x000000000000369c                setTask
                0x0000000000002e58                getNextTID
 .text          0x0000000000003df4      0xc1c userRequestCall.o
                0x0000000000003ffc                Send
                0x0000000000003f58                MyParentTid
                0x0000000000003f94                Pass
                0x0000000000004070                WhoIs
                0x0000000000003e20                Create
                0x0000000000004330                AwaitEvent
                0x0000000000004270                Receive
                0x00000000000042d0                Reply
                0x0000000000003f1c                MyTid
                0x0000000000003ec8                CreateClockServer
                0x0000000000003fc8                Exit
                0x0000000000004788                DelayUntil
                0x0000000000003e74                CreateNameServer
                0x0000000000003df4                user_contextswitch
                0x0000000000004170                RegisterAs
                0x0000000000004378                Delay
                0x0000000000004620                Time
 .text          0x0000000000004a10     0x192c kernelRequestCall.o
                0x0000000000004d88                kernel_MyParentTid
                0x00000000000055e4                kernel_Receive
                0x0000000000004de4                kernel_Exit
                0x000000000000600c                kernel_AwaitEvent
                0x0000000000005898                processMail
                0x00000000000053dc                kernel_Send
                0x0000000000004d58                kernel_MyTid
                0x00000000000052ec                kernel_RegisterAs
                0x0000000000004e34                kernel_CreateNameServer
                0x0000000000004f9c                kernel_CreateClockServer
                0x0000000000004db8                kernel_Pass
                0x00000000000051fc                kernel_WhoIs
                0x0000000000005104                kernel_Create
                0x0000000000004cc0                kernel_RequestClockServer
                0x000000000000566c                kernel_Reply
                0x0000000000005a54                processInterrupt
                0x0000000000004a10                processRequest
 .text          0x000000000000633c      0x170 interruptHandler.o
                0x000000000000633c                initHandlers
                0x000000000000639c                activate
 .text          0x00000000000064ac     0x15c8 server.o
                0x0000000000006c44                idleTask
                0x0000000000006978                initStorage
                0x00000000000064ac                nameServerInit
                0x0000000000006c54                clockNotifier
                0x000000000000653c                NameServerTask
                0x0000000000006ca4                clockServer
                0x0000000000006b9c                deleteFromStorage
                0x000000000000699c                insertIntoStorage
                0x00000000000074f8                UART2Send_Notifier
                0x0000000000007490                UART1Receive_Notifier
                0x00000000000064e8                nameServerRun
                0x0000000000007428                UART1Send_Notifier
                0x00000000000075c8                ioServer
                0x0000000000007560                UART2Receive_Notifier
                0x00000000000073d8                FirstUserTask
 .text          0x0000000000007a74      0x4c4 k3.o
                0x0000000000007c2c                God
                0x0000000000007eec                main
                0x0000000000007a74                Task
 .text          0x0000000000007f38      0x110 /u/wbcowan/gnuarm-4.0.2/lib/gcc/arm-elf/4.0.2/libgcc.a(_udivsi3.o)
                0x0000000000007f38                __udivsi3
                0x0000000000008030                __aeabi_uidivmod
 .text          0x0000000000008048       0xcc /u/wbcowan/gnuarm-4.0.2/lib/gcc/arm-elf/4.0.2/libgcc.a(_umodsi3.o)
                0x0000000000008048                __umodsi3
 .text          0x0000000000008114        0x4 /u/wbcowan/gnuarm-4.0.2/lib/gcc/arm-elf/4.0.2/libgcc.a(_dvmd_tls.o)
                0x0000000000008114                __aeabi_ldiv0
                0x0000000000008114                __div0
                0x0000000000008114                __aeabi_idiv0
 *(.got)
 .got           0x0000000000008118       0x30 bwio.o
 *(.got.plt)
 .got.plt       0x0000000000008148        0xc bwio.o
                0x0000000000008148                _GLOBAL_OFFSET_TABLE_
 *(.rodata)
 .rodata        0x0000000000008154       0x18 bwio.o
 .rodata        0x000000000000816c       0xac time.o
 .rodata        0x0000000000008218        0x4 dictionary.o
 .rodata        0x000000000000821c       0x84 kernelHandler.o
 .rodata        0x00000000000082a0      0x1a0 kernelRequestCall.o
 .rodata        0x0000000000008440      0x2c0 server.o
 .rodata        0x0000000000008700      0x174 k3.o
 *(.glue_7)
 *(.glue_7t)
 *(.rodata.str1.4)

.rel.dyn
LOAD bwio.o
LOAD time.o
LOAD icu.o
LOAD pkstring.o
LOAD dictionary.o
LOAD buffer.o
LOAD td.o
LOAD kernelHandler.o
LOAD userRequestCall.o
LOAD kernelRequestCall.o
LOAD interruptHandler.o
LOAD server.o
LOAD k3.o
LOAD /u/wbcowan/gnuarm-4.0.2/lib/gcc/arm-elf/4.0.2/libgcc.a
OUTPUT(k3.elf elf32-littlearm)

.comment        0x0000000000000000       0xea
 .comment       0x0000000000000000       0x12 bwio.o
 .comment       0x0000000000000012       0x12 time.o
 .comment       0x0000000000000024       0x12 icu.o
 .comment       0x0000000000000036       0x12 pkstring.o
 .comment       0x0000000000000048       0x12 dictionary.o
 .comment       0x000000000000005a       0x12 buffer.o
 .comment       0x000000000000006c       0x12 td.o
 .comment       0x000000000000007e       0x12 kernelHandler.o
 .comment       0x0000000000000090       0x12 userRequestCall.o
 .comment       0x00000000000000a2       0x12 kernelRequestCall.o
 .comment       0x00000000000000b4       0x12 interruptHandler.o
 .comment       0x00000000000000c6       0x12 server.o
 .comment       0x00000000000000d8       0x12 k3.o

.debug_line     0x0000000000000000      0x14f
 .debug_line    0x0000000000000000       0x86 /u/wbcowan/gnuarm-4.0.2/lib/gcc/arm-elf/4.0.2/libgcc.a(_udivsi3.o)
 .debug_line    0x0000000000000086       0x6f /u/wbcowan/gnuarm-4.0.2/lib/gcc/arm-elf/4.0.2/libgcc.a(_umodsi3.o)
 .debug_line    0x00000000000000f5       0x5a /u/wbcowan/gnuarm-4.0.2/lib/gcc/arm-elf/4.0.2/libgcc.a(_dvmd_tls.o)

.debug_info     0x0000000000000000      0x153
 .debug_info    0x0000000000000000       0x71 /u/wbcowan/gnuarm-4.0.2/lib/gcc/arm-elf/4.0.2/libgcc.a(_udivsi3.o)
 .debug_info    0x0000000000000071       0x71 /u/wbcowan/gnuarm-4.0.2/lib/gcc/arm-elf/4.0.2/libgcc.a(_umodsi3.o)
 .debug_info    0x00000000000000e2       0x71 /u/wbcowan/gnuarm-4.0.2/lib/gcc/arm-elf/4.0.2/libgcc.a(_dvmd_tls.o)

.debug_abbrev   0x0000000000000000       0x3c
 .debug_abbrev  0x0000000000000000       0x14 /u/wbcowan/gnuarm-4.0.2/lib/gcc/arm-elf/4.0.2/libgcc.a(_udivsi3.o)
 .debug_abbrev  0x0000000000000014       0x14 /u/wbcowan/gnuarm-4.0.2/lib/gcc/arm-elf/4.0.2/libgcc.a(_umodsi3.o)
 .debug_abbrev  0x0000000000000028       0x14 /u/wbcowan/gnuarm-4.0.2/lib/gcc/arm-elf/4.0.2/libgcc.a(_dvmd_tls.o)

.debug_aranges  0x0000000000000000       0x60
 .debug_aranges
                0x0000000000000000       0x20 /u/wbcowan/gnuarm-4.0.2/lib/gcc/arm-elf/4.0.2/libgcc.a(_udivsi3.o)
 .debug_aranges
                0x0000000000000020       0x20 /u/wbcowan/gnuarm-4.0.2/lib/gcc/arm-elf/4.0.2/libgcc.a(_umodsi3.o)
 .debug_aranges
                0x0000000000000040       0x20 /u/wbcowan/gnuarm-4.0.2/lib/gcc/arm-elf/4.0.2/libgcc.a(_dvmd_tls.o)
