Archive member included because of file (symbol)

/u/wbcowan/gnuarm-4.0.2/lib/gcc/arm-elf/4.0.2/libgcc.a(_udivsi3.o)
                              a01.o (__udivsi3)
/u/wbcowan/gnuarm-4.0.2/lib/gcc/arm-elf/4.0.2/libgcc.a(_umodsi3.o)
                              a01.o (__umodsi3)
/u/wbcowan/gnuarm-4.0.2/lib/gcc/arm-elf/4.0.2/libgcc.a(_dvmd_tls.o)
                              /u/wbcowan/gnuarm-4.0.2/lib/gcc/arm-elf/4.0.2/libgcc.a(_udivsi3.o) (__div0)

Memory Configuration

Name             Origin             Length             Attributes
ram              0x0000000000000000 0x0000000002000000
rom              0x0000000060000000 0x0000000000800000
*default*        0x0000000000000000 0xffffffffffffffff

Linker script and memory map


data            0x0000000000000000        0x0
                0x0000000000000000                _DataStart = .
 *(.data)
                0x0000000000000000                _DataEnd = .

bss             0x0000000000000000        0x0
                0x0000000000000000                _BssStart = .
 *(.bss)
                0x0000000000000000                _BssEnd = .

text            0x0000000000000000     0x56a8
 *(.text)
 .text          0x0000000000000000     0x51c0 a01.o
                0x0000000000001fd8                pie_setfifo
                0x0000000000001784                pie_putr
                0x0000000000003e94                update_switch
                0x0000000000001e18                pie_printf
                0x000000000000027c                ccbuffS_pop
                0x0000000000001ac0                pie_i2a
                0x00000000000041ac                process_train_command
                0x0000000000002c54                timer_passed
                0x000000000000197c                pie_ui2a
                0x000000000000031c                ccbuffS_push
                0x00000000000016f8                pie_putx
                0x00000000000001fc                ccbuffS_isEmpty
                0x0000000000003ddc                init_clock
                0x00000000000049b4                train_init
                0x0000000000002b7c                set_timer_delay
                0x00000000000026a8                push_message
                0x000000000000005c                ccbuff_init
                0x0000000000001e58                push_character
                0x00000000000033d8                process_command_char
                0x0000000000001698                pie_c2x
                0x0000000000003cf8                pull_character
                0x00000000000020a0                pie_setspeed
                0x0000000000000708                nextState
                0x0000000000001614                pie_putstr
                0x000000000000145c                pie_putc
                0x0000000000002628                flush_command_display
                0x0000000000002f5c                output_max_check
                0x00000000000003b4                ccbuffS_peak
                0x0000000000000150                ccbuff_push
                0x0000000000001810                pie_a2d
                0x0000000000002780                push_sensor
                0x0000000000002e74                poll_sensor
                0x0000000000004eb4                main
                0x000000000000288c                parse_sensors
                0x000000000000225c                screen_init
                0x000000000000024c                ccbuffS_init
                0x0000000000000098                ccbuff_pop
                0x0000000000001508                pie_putw
                0x00000000000021b0                flush_ccb
                0x0000000000001b24                pie_format
                0x0000000000000000                ccbuff_isEmpty
                0x00000000000004bc                glbs_init
                0x00000000000018b8                pie_a2i
                0x0000000000001400                set_timer_check
                0x000000000000259c                flush_message_display
                0x00000000000045b0                update_clock
 .text          0x00000000000051c0      0x110 /u/wbcowan/gnuarm-4.0.2/lib/gcc/arm-elf/4.0.2/libgcc.a(_udivsi3.o)
                0x00000000000051c0                __udivsi3
                0x00000000000052b8                __aeabi_uidivmod
 .text          0x00000000000052d0       0xcc /u/wbcowan/gnuarm-4.0.2/lib/gcc/arm-elf/4.0.2/libgcc.a(_umodsi3.o)
                0x00000000000052d0                __umodsi3
 .text          0x000000000000539c        0x4 /u/wbcowan/gnuarm-4.0.2/lib/gcc/arm-elf/4.0.2/libgcc.a(_dvmd_tls.o)
                0x000000000000539c                __aeabi_ldiv0
                0x000000000000539c                __div0
                0x000000000000539c                __aeabi_idiv0
 *(.got)
 *(.got.plt)
 .got.plt       0x00000000000053a0        0xc a01.o
                0x00000000000053a0                _GLOBAL_OFFSET_TABLE_
 *(.rodata)
 .rodata        0x00000000000053ac      0x2fc a01.o
 *(.glue_7)
 *(.glue_7t)

.rel.dyn
LOAD a01.o
LOAD ../lib/libbwio.a
LOAD /u/wbcowan/gnuarm-4.0.2/lib/gcc/arm-elf/4.0.2/libgcc.a
OUTPUT(a01.elf elf32-littlearm)

.comment        0x0000000000000000       0x12
 .comment       0x0000000000000000       0x12 a01.o

.debug_line     0x0000000000000000      0x14f
 .debug_line    0x0000000000000000       0x86 /u/wbcowan/gnuarm-4.0.2/lib/gcc/arm-elf/4.0.2/libgcc.a(_udivsi3.o)
 .debug_line    0x0000000000000086       0x6f /u/wbcowan/gnuarm-4.0.2/lib/gcc/arm-elf/4.0.2/libgcc.a(_umodsi3.o)
 .debug_line    0x00000000000000f5       0x5a /u/wbcowan/gnuarm-4.0.2/lib/gcc/arm-elf/4.0.2/libgcc.a(_dvmd_tls.o)

.debug_info     0x0000000000000000      0x153
 .debug_info    0x0000000000000000       0x71 /u/wbcowan/gnuarm-4.0.2/lib/gcc/arm-elf/4.0.2/libgcc.a(_udivsi3.o)
 .debug_info    0x0000000000000071       0x71 /u/wbcowan/gnuarm-4.0.2/lib/gcc/arm-elf/4.0.2/libgcc.a(_umodsi3.o)
 .debug_info    0x00000000000000e2       0x71 /u/wbcowan/gnuarm-4.0.2/lib/gcc/arm-elf/4.0.2/libgcc.a(_dvmd_tls.o)

.debug_abbrev   0x0000000000000000       0x3c
 .debug_abbrev  0x0000000000000000       0x14 /u/wbcowan/gnuarm-4.0.2/lib/gcc/arm-elf/4.0.2/libgcc.a(_udivsi3.o)
 .debug_abbrev  0x0000000000000014       0x14 /u/wbcowan/gnuarm-4.0.2/lib/gcc/arm-elf/4.0.2/libgcc.a(_umodsi3.o)
 .debug_abbrev  0x0000000000000028       0x14 /u/wbcowan/gnuarm-4.0.2/lib/gcc/arm-elf/4.0.2/libgcc.a(_dvmd_tls.o)

.debug_aranges  0x0000000000000000       0x60
 .debug_aranges
                0x0000000000000000       0x20 /u/wbcowan/gnuarm-4.0.2/lib/gcc/arm-elf/4.0.2/libgcc.a(_udivsi3.o)
 .debug_aranges
                0x0000000000000020       0x20 /u/wbcowan/gnuarm-4.0.2/lib/gcc/arm-elf/4.0.2/libgcc.a(_umodsi3.o)
 .debug_aranges
                0x0000000000000040       0x20 /u/wbcowan/gnuarm-4.0.2/lib/gcc/arm-elf/4.0.2/libgcc.a(_dvmd_tls.o)
